MemTotal:        2038880 kB

------

1608540011
MemFree:         1801564 kB
31.65
 
1608540016
MemFree:         1673544 kB
49.22
 
1608540021
MemFree:         1700428 kB
99.20
 
1608540026
MemFree:         1701456 kB
96.64
 
1608540031
MemFree:         1701772 kB
99.70
 
1608540036
MemFree:         1701896 kB
99.80
 
1608540042
MemFree:         1702200 kB
98.57
 
1608540047
MemFree:         1702556 kB
84.02
 
1608540052
MemFree:         1654396 kB
23.71
 
1608540057
MemFree:         1454748 kB
45.04
 
1608540062
MemFree:         1354372 kB
84.98
 
1608540067
MemFree:         1374392 kB
94.63
 
1608540072
MemFree:         1371884 kB
98.65
 
1608540077
MemFree:         1371168 kB
99.15
 
1608540082
MemFree:         1371292 kB
89.96
 
1608540087
MemFree:         1351224 kB
99.55
 
1608540092
MemFree:         1351324 kB
99.75
 
1608540097
MemFree:         1351200 kB
99.90
 
1608540102
MemFree:         1351448 kB
99.85
 
1608540107
MemFree:         1351448 kB
99.85
 
1608540112
MemFree:         1351572 kB
98.00
 
1608540117
MemFree:         1363724 kB
99.70
 
1608540122
MemFree:         1363600 kB
99.90
 
1608540127
MemFree:         1363692 kB
99.90
 
1608540133
MemFree:         1363568 kB
99.90
 
1608540138
MemFree:         1363568 kB
99.85
 
1608540143
MemFree:         1363568 kB
99.85
 
1608540148
MemFree:         1363660 kB
77.50
 
1608540153
MemFree:         1280076 kB
78.64
 
1608540158
MemFree:         1278348 kB
78.97
 
1608540163
MemFree:         1277840 kB
78.16
 
1608540168
MemFree:         1277684 kB
71.25
 
1608540173
MemFree:         1277596 kB
72.07
 
1608540178
MemFree:         1277180 kB
68.83
 
1608540183
MemFree:         1277192 kB
73.95
 
1608540188
MemFree:         1276860 kB
70.52
 
1608540193
MemFree:         1276944 kB
67.78
 
1608540198
MemFree:         1277204 kB
79.05
 
1608540203
MemFree:         1277264 kB
63.97
 
1608540208
MemFree:         1277084 kB
64.98
 
1608540213
MemFree:         1276844 kB
74.35
 
1608540218
MemFree:         1276788 kB
82.18
 
1608540223
MemFree:         1276620 kB
84.54
 
1608540228
MemFree:         1276944 kB
71.54
 
1608540233
MemFree:         1276924 kB
68.25
 
1608540238
MemFree:         1276672 kB
64.50
 
1608540243
MemFree:         1276496 kB
75.73
 
1608540248
MemFree:         1276548 kB
73.10
 
1608540253
MemFree:         1276716 kB
64.47
 
1608540259
MemFree:         1276548 kB
68.64
 
1608540264
MemFree:         1276260 kB
79.12
 
1608540269
MemFree:         1276268 kB
64.47
 
1608540274
MemFree:         1276556 kB
76.83
 
1608540279
MemFree:         1276476 kB
75.79
 
1608540284
MemFree:         1276392 kB
70.39
 
1608540289
MemFree:         1276508 kB
68.60
 
1608540294
MemFree:         1276488 kB
72.91
 
1608540299
MemFree:         1276672 kB
69.15
 
1608540304
MemFree:         1276412 kB
80.11
 
1608540309
MemFree:         1276360 kB
67.57
 
1608540314
MemFree:         1276372 kB
73.79
 
1608540319
MemFree:         1276432 kB
68.05
 
1608540324
MemFree:         1276344 kB
69.75
 
1608540329
MemFree:         1276228 kB
75.18
 
1608540334
MemFree:         1275980 kB
74.93
 
1608540339
MemFree:         1276576 kB
77.51
 
1608540344
MemFree:         1276688 kB
70.48
 
1608540349
MemFree:         1276488 kB
70.35
 
1608540354
MemFree:         1276424 kB
81.63
 
1608540359
MemFree:         1276400 kB
81.66
 
1608540364
MemFree:         1276252 kB
85.62
 
1608540369
MemFree:         1276472 kB
84.85
 
1608540374
MemFree:         1276312 kB
61.64
 
1608540380
MemFree:         1276136 kB
70.48
 
1608540385
MemFree:         1276392 kB
83.27
 
1608540390
MemFree:         1275988 kB
99.75
 
1608540395
MemFree:         1276360 kB
99.80
 
1608540400
MemFree:         1275988 kB
99.90
 
1608540405
MemFree:         1275864 kB
99.85
 
1608540410
MemFree:         1275988 kB
99.90
 
