MemTotal:        3836552 kB

------

1608539732
MemFree:         1905560 kB
98.40
 
1608539737
MemFree:         1905896 kB
88.99
 
1608539742
MemFree:         1905796 kB
98.42
 
1608539747
MemFree:         1905960 kB
98.75
 
1608539752
MemFree:         1906172 kB
98.50
 
1608539757
MemFree:         1906968 kB
98.77
 
1608539762
MemFree:         1907224 kB
98.55
 
1608539767
MemFree:         1906916 kB
98.90
 
1608539772
MemFree:         1906608 kB
96.47
 
1608539777
MemFree:         1907956 kB
98.32
 
1608539782
MemFree:         1907200 kB
98.53
 
1608539787
MemFree:         1906916 kB
98.72
 
1608539793
MemFree:         1906248 kB
98.72
 
1608539798
MemFree:         1906048 kB
89.43
 
1608539803
MemFree:         1906324 kB
98.57
 
1608539808
MemFree:         1906236 kB
98.67
 
1608539813
MemFree:         1906204 kB
98.57
 
1608539818
MemFree:         1906324 kB
98.52
 
1608539823
MemFree:         1906412 kB
98.47
 
1608539828
MemFree:         1906048 kB
98.80
 
1608539833
MemFree:         1906324 kB
96.74
 
1608539838
MemFree:         1907372 kB
98.15
 
1608539843
MemFree:         1906836 kB
98.55
 
1608539848
MemFree:         1907120 kB
98.85
 
1608539853
MemFree:         1907404 kB
97.58
 
1608539858
MemFree:         1898268 kB
90.09
 
1608539863
MemFree:         1906180 kB
98.75
 
1608539868
MemFree:         1906708 kB
98.75
 
1608539873
MemFree:         1906392 kB
98.77
 
1608539878
MemFree:         1906700 kB
98.72
 
1608539883
MemFree:         1906764 kB
98.48
 
1608539888
MemFree:         1906656 kB
98.62
 
1608539893
MemFree:         1907104 kB
96.60
 
1608539898
MemFree:         1908316 kB
97.92
 
1608539903
MemFree:         1907804 kB
98.55
 
1608539908
MemFree:         1907544 kB
98.55
 
1608539913
MemFree:         1907096 kB
96.87
 
1608539918
MemFree:         1890692 kB
90.88
 
1608539923
MemFree:         1906040 kB
98.60
 
1608539928
MemFree:         1906292 kB
98.60
 
1608539941
MemFree:         1905276 kB
92.04
 
1608539946
MemFree:         1946264 kB
82.54
 
1608539951
MemFree:         1646192 kB
77.55
 
1608539959
MemFree:         1634940 kB
74.29
 
1608539964
MemFree:         1639608 kB
72.87
 
1608539970
MemFree:         1711988 kB
66.59
 
1608539976
MemFree:         1802944 kB
59.79
 
1608539981
MemFree:         1814932 kB
62.35
 
1608539987
MemFree:         1832112 kB
82.86
 
1608539992
MemFree:         1665396 kB
78.66
 
1608539997
MemFree:         1644972 kB
60.84
 
1608540002
MemFree:         1578912 kB
85.30
 
1608540007
MemFree:         1561356 kB
71.84
 
1608540012
MemFree:         1516388 kB
62.30
 
1608540017
MemFree:         1408916 kB
69.17
 
1608540022
MemFree:         1386464 kB
97.17
 
1608540027
MemFree:         1387128 kB
95.27
 
1608540032
MemFree:         1394816 kB
97.83
 
1608540037
MemFree:         1393032 kB
87.99
 
1608540042
MemFree:         1406180 kB
97.06
 
1608540047
MemFree:         1407376 kB
85.75
 
1608540052
MemFree:         1406764 kB
54.83
 
1608540057
MemFree:         1209856 kB
70.41
 
1608540062
MemFree:         1118940 kB
90.58
 
1608540067
MemFree:         1115720 kB
94.62
 
1608540072
MemFree:         1115088 kB
97.35
 
1608540077
MemFree:         1114068 kB
94.63
 
1608540082
MemFree:         1112256 kB
91.19
 
1608540087
MemFree:         1112144 kB
97.34
 
1608540092
MemFree:         1112264 kB
97.29
 
1608540097
MemFree:         1113512 kB
87.84
 
1608540102
MemFree:         1113056 kB
96.74
 
1608540107
MemFree:         1115216 kB
97.90
 
1608540112
MemFree:         1113548 kB
96.56
 
1608540117
MemFree:         1111116 kB
97.84
 
1608540123
MemFree:         1112276 kB
97.72
 
1608540128
MemFree:         1115876 kB
96.90
 
1608540133
MemFree:         1117040 kB
96.41
 
1608540138
MemFree:         1117972 kB
94.35
 
1608540143
MemFree:         1119932 kB
95.50
 
1608540148
MemFree:         1119696 kB
83.72
 
1608540153
MemFree:         1061040 kB
84.07
 
1608540158
MemFree:         1053764 kB
73.70
 
1608540163
MemFree:         1057756 kB
85.46
 
1608540168
MemFree:         1057508 kB
82.70
 
1608540173
MemFree:         1057516 kB
82.07
 
1608540178
MemFree:         1056940 kB
81.31
 
1608540183
MemFree:         1055764 kB
83.17
 
1608540188
MemFree:         1054392 kB
81.89
 
1608540193
MemFree:         1055708 kB
79.23
 
1608540198
MemFree:         1054004 kB
83.38
 
1608540203
MemFree:         1055908 kB
76.38
 
1608540208
MemFree:         1055120 kB
77.71
 
1608540213
MemFree:         1054716 kB
81.26
 
1608540218
MemFree:         1045104 kB
78.26
 
1608540223
MemFree:         1057084 kB
89.20
 
1608540228
MemFree:         1056452 kB
82.86
 
1608540233
MemFree:         1056060 kB
81.55
 
1608540238
MemFree:         1056200 kB
78.07
 
1608540243
MemFree:         1058644 kB
83.76
 
1608540248
MemFree:         1059756 kB
82.68
 
1608540253
MemFree:         1060768 kB
76.42
 
1608540258
MemFree:         1060648 kB
77.91
 
1608540263
MemFree:         1062436 kB
84.51
 
1608540268
MemFree:         1062372 kB
76.85
 
1608540273
MemFree:         1061524 kB
81.83
 
1608540279
MemFree:         1045236 kB
75.15
 
1608540284
MemFree:         1062280 kB
81.52
 
1608540289
MemFree:         1062016 kB
80.90
 
1608540294
MemFree:         1061260 kB
83.68
 
1608540299
MemFree:         1060808 kB
80.85
 
1608540304
MemFree:         1060732 kB
86.71
 
1608540309
MemFree:         1062520 kB
80.40
 
1608540314
MemFree:         1062276 kB
81.95
 
1608540319
MemFree:         1062312 kB
78.05
 
1608540324
MemFree:         1059644 kB
78.50
 
1608540329
MemFree:         1063512 kB
81.33
 
1608540334
MemFree:         1062940 kB
80.27
 
1608540339
MemFree:         1056040 kB
77.41
 
1608540344
MemFree:         1061152 kB
82.13
 
