MemTotal:        3836552 kB

------

1610375358
MemFree:         2175192 kB
92.78
 
1610375363
MemFree:         2162356 kB
94.35
 
1610375368
MemFree:         2175756 kB
98.65
 
1610375373
MemFree:         2176072 kB
98.62
 
1610375378
MemFree:         2175908 kB
98.80
 
1610375383
MemFree:         2175720 kB
98.75
 
1610375388
MemFree:         2175776 kB
98.63
 
1610375393
MemFree:         2175720 kB
98.57
 
1610375398
MemFree:         2175436 kB
98.75
 
1610375403
MemFree:         2175752 kB
98.70
 
1610375408
MemFree:         2175476 kB
98.90
 
1610375413
MemFree:         2174768 kB
98.65
 
1610375418
MemFree:         2174972 kB
91.64
 
1610375423
MemFree:         2159860 kB
95.92
 
1610375429
MemFree:         2175604 kB
97.95
 
1610375434
MemFree:         2174980 kB
98.60
 
1610375439
MemFree:         2175288 kB
98.58
 
1610375444
MemFree:         2175484 kB
98.67
 
1610375449
MemFree:         2175264 kB
98.58
 
1610375454
MemFree:         2175264 kB
98.50
 
1610375459
MemFree:         2175560 kB
98.75
 
1610375464
MemFree:         2175924 kB
98.55
 
1610375469
MemFree:         2175956 kB
98.80
 
1610375474
MemFree:         2175760 kB
98.70
 
1610375479
MemFree:         2176004 kB
90.94
 
1610375484
MemFree:         2168736 kB
96.87
 
1610375489
MemFree:         2174496 kB
98.15
 
1610375494
MemFree:         2174576 kB
98.18
 
1610375499
MemFree:         2174892 kB
98.72
 
1610375504
MemFree:         2174892 kB
98.57
 
1610375509
MemFree:         2174980 kB
98.87
 
1610375514
MemFree:         2175004 kB
98.35
 
1610375519
MemFree:         2174884 kB
98.92
 
1610375524
MemFree:         2174948 kB
98.57
 
1610375529
MemFree:         2175028 kB
98.82
 
1610375534
MemFree:         2175452 kB
98.65
 
1610375539
MemFree:         2175452 kB
90.02
 
1610375544
MemFree:         2161116 kB
97.67
 
1610375549
MemFree:         2174288 kB
98.35
 
1610375554
MemFree:         2174424 kB
98.67
 
1610375559
MemFree:         2174904 kB
97.62
 
1610375564
MemFree:         2174804 kB
98.77
 
1610375569
MemFree:         2175164 kB
98.77
 
1610375574
MemFree:         2175276 kB
98.65
 
1610375579
MemFree:         2175204 kB
98.85
 
1610375584
MemFree:         2174960 kB
98.52
 
1610375589
MemFree:         2175528 kB
98.80
 
1610375595
MemFree:         2175268 kB
98.52
 
1610375600
MemFree:         2175204 kB
89.04
 
1610375605
MemFree:         2174776 kB
98.62
 
1610375610
MemFree:         2175292 kB
97.85
 
1610375615
MemFree:         2175356 kB
98.40
 
1610375620
MemFree:         2174852 kB
98.82
 
1610375625
MemFree:         2174960 kB
98.72
 
1610375630
MemFree:         2175268 kB
98.97
 
1610375635
MemFree:         2175488 kB
98.62
 
1610375640
MemFree:         2175008 kB
98.78
 
1610375645
MemFree:         2175004 kB
98.72
 
1610375650
MemFree:         2175196 kB
98.75
 
1610375655
MemFree:         2174780 kB
98.77
 
1610375660
MemFree:         2174952 kB
89.22
 
1610375665
MemFree:         2173256 kB
98.70
 
1610375670
MemFree:         2174224 kB
98.52
 
1610375675
MemFree:         2174416 kB
98.52
 
1610375680
MemFree:         2174196 kB
99.07
 
1610375685
MemFree:         2174336 kB
98.90
 
1610375690
MemFree:         2174752 kB
98.87
 
1610375695
MemFree:         2174604 kB
98.72
 
1610375700
MemFree:         2174424 kB
98.90
 
1610375705
MemFree:         2173920 kB
98.72
 
1610375710
MemFree:         2173652 kB
98.82
 
1610375715
MemFree:         2173848 kB
98.90
 
1610375720
MemFree:         2174352 kB
89.21
 
1610375725
MemFree:         2173700 kB
98.82
 
1610375730
MemFree:         2173368 kB
98.45
 
1610375735
MemFree:         2173704 kB
98.72
 
1610375740
MemFree:         2173936 kB
98.72
 
1610375745
MemFree:         2174056 kB
98.82
 
1610375750
MemFree:         2174252 kB
98.87
 
1610375756
MemFree:         2174384 kB
98.77
 
1610375761
MemFree:         2174212 kB
98.70
 
1610375766
MemFree:         2174536 kB
98.87
 
1610375771
MemFree:         2174496 kB
98.77
 
1610375776
MemFree:         2174384 kB
98.77
 
1610375781
MemFree:         2174692 kB
89.23
 
1610375786
MemFree:         2172860 kB
98.72
 
1610375791
MemFree:         2173020 kB
98.80
 
1610375796
MemFree:         2173076 kB
98.05
 
1610375801
MemFree:         2173208 kB
98.87
 
1610375806
MemFree:         2173132 kB
98.77
 
1610375811
MemFree:         2173124 kB
98.85
 
1610375816
MemFree:         2173264 kB
98.70
 
1610375821
MemFree:         2173392 kB
98.90
 
1610375826
MemFree:         2173228 kB
98.85
 
1610375831
MemFree:         2173448 kB
98.97
 
1610375836
MemFree:         2173620 kB
98.22
 
1610375841
MemFree:         2167052 kB
89.93
 
1610375846
MemFree:         2173016 kB
98.77
 
1610375851
MemFree:         2173360 kB
98.80
 
1610375856
MemFree:         2173384 kB
98.17
 
1610375861
MemFree:         2173196 kB
98.63
 
1610375866
MemFree:         2173172 kB
98.92
 
1610375871
MemFree:         2173140 kB
98.82
 
1610375876
MemFree:         2173504 kB
98.75
 
1610375881
MemFree:         2173504 kB
98.87
 
1610375886
MemFree:         2173504 kB
98.80
 
1610375891
MemFree:         2173684 kB
98.85
 
1610375896
MemFree:         2173364 kB
97.22
 
1610375901
MemFree:         2158832 kB
90.23
 
1610375906
MemFree:         2172544 kB
98.48
 
1610375911
MemFree:         2172624 kB
98.65
 
1610375916
MemFree:         2172688 kB
98.00
 
1610375922
MemFree:         2172808 kB
98.77
 
1610375927
MemFree:         2172688 kB
98.87
 
1610375932
MemFree:         2173028 kB
98.92
 
1610375937
MemFree:         2172996 kB
98.12
 
1610375942
MemFree:         2172720 kB
98.90
 
1610375947
MemFree:         2172688 kB
98.65
 
1610375952
MemFree:         2173020 kB
98.87
 
1610375957
MemFree:         2172996 kB
96.49
 
1610375962
MemFree:         2156732 kB
91.66
 
1610375967
MemFree:         2171204 kB
98.77
 
1610375972
MemFree:         2171652 kB
97.20
 
1610375978
MemFree:         2171884 kB
88.34
 
1610375983
MemFree:         2164584 kB
81.39
 
1610375988
MemFree:         2114864 kB
85.52
 
1610375993
MemFree:         1950544 kB
85.32
 
1610375998
MemFree:         1946552 kB
76.49
 
1610376003
MemFree:         2019332 kB
83.97
 
1610376008
MemFree:         2043824 kB
83.90
 
1610376013
MemFree:         2033316 kB
84.88
 
1610376018
MemFree:         2036664 kB
80.22
 
1610376023
MemFree:         2025452 kB
77.79
 
1610376028
MemFree:         2030964 kB
84.93
 
1610376033
MemFree:         2033136 kB
85.13
 
1610376040
MemFree:         2032552 kB
81.86
 
1610376045
MemFree:         2033392 kB
83.78
 
1610376050
MemFree:         2032044 kB
85.45
 
1610376055
MemFree:         2035640 kB
84.89
 
1610376060
MemFree:         2031544 kB
85.78
 
1610376065
MemFree:         2030740 kB
83.80
 
1610376070
MemFree:         2029748 kB
84.89
 
1610376076
MemFree:         2029276 kB
84.95
 
1610376081
MemFree:         2029956 kB
75.76
 
1610376086
MemFree:         2032508 kB
84.80
 
1610376091
MemFree:         2035304 kB
85.54
 
1610376096
MemFree:         2031264 kB
78.25
 
1610376101
MemFree:         2030852 kB
83.12
 
1610376106
MemFree:         2029860 kB
85.85
 
1610376111
MemFree:         2029856 kB
84.39
 
1610376116
MemFree:         2029440 kB
84.74
 
1610376121
MemFree:         2029272 kB
85.22
 
1610376126
MemFree:         2031748 kB
75.66
 
1610376131
MemFree:         2029756 kB
84.80
 
1610376136
MemFree:         2029092 kB
85.05
 
1610376141
MemFree:         2029472 kB
75.41
 
1610376146
MemFree:         2030196 kB
84.93
 
1610376151
MemFree:         2029792 kB
85.89
 
1610376156
MemFree:         2029412 kB
85.29
 
1610376161
MemFree:         2029168 kB
82.78
 
1610376166
MemFree:         2028516 kB
84.55
 
1610376172
MemFree:         2029612 kB
84.96
 
1610376177
MemFree:         2029188 kB
84.31
 
1610376182
MemFree:         2028620 kB
85.93
 
1610376187
MemFree:         2029028 kB
84.36
 
1610376192
MemFree:         2028948 kB
85.41
 
1610376197
MemFree:         2032184 kB
81.66
 
1610376202
MemFree:         2015992 kB
74.69
 
1610376207
MemFree:         2031192 kB
83.40
 
1610376212
MemFree:         2030028 kB
86.25
 
1610376217
MemFree:         2029784 kB
85.10
 
1610376222
MemFree:         2029164 kB
82.07
 
1610376227
MemFree:         2029664 kB
84.41
 
1610376232
MemFree:         2029524 kB
85.49
 
1610376238
MemFree:         2029260 kB
82.75
 
1610376243
MemFree:         2028960 kB
77.98
 
1610376248
MemFree:         2029052 kB
84.67
 
1610376253
MemFree:         2031504 kB
85.82
 
1610376258
MemFree:         2031944 kB
80.05
 
1610376263
MemFree:         2012208 kB
79.46
 
1610376268
MemFree:         2031200 kB
84.58
 
1610376273
MemFree:         2031208 kB
85.28
 
1610376278
MemFree:         2031084 kB
84.84
 
1610376283
MemFree:         2031256 kB
83.51
 
1610376288
MemFree:         2031144 kB
86.13
 
1610376293
MemFree:         2029908 kB
86.17
 
1610376298
MemFree:         2031804 kB
82.96
 
1610376303
MemFree:         2031560 kB
85.28
 
1610376308
MemFree:         2031664 kB
85.87
 
1610376313
MemFree:         2030160 kB
84.80
 
1610376318
MemFree:         2030172 kB
75.93
 
1610376323
MemFree:         2022488 kB
80.90
 
1610376328
MemFree:         2035044 kB
84.46
 
1610376333
MemFree:         2034544 kB
84.10
 
1610376338
MemFree:         2031480 kB
83.14
 
1610376343
MemFree:         2034132 kB
83.16
 
1610376349
MemFree:         2000132 kB
82.14
 
1610376354
MemFree:         2028616 kB
84.93
 
1610376359
MemFree:         2027828 kB
84.84
 
1610376364
MemFree:         2026960 kB
85.67
 
1610376369
MemFree:         2026868 kB
83.10
 
1610376374
MemFree:         2026472 kB
84.08
 
1610376379
MemFree:         2026360 kB
79.04
 
1610376384
MemFree:         2026512 kB
82.51
 
1610376389
MemFree:         2034364 kB
86.17
 
1610376394
MemFree:         2032968 kB
85.03
 
1610376399
MemFree:         2032992 kB
84.62
 
1610376404
MemFree:         2031580 kB
72.23
 
1610376409
MemFree:         2029592 kB
81.86
 
1610376414
MemFree:         2029840 kB
83.65
 
1610376419
MemFree:         2028912 kB
85.26
 
1610376424
MemFree:         2028708 kB
84.70
 
1610376429
MemFree:         2028964 kB
84.86
 
1610376434
MemFree:         2031324 kB
84.45
 
1610376439
MemFree:         2029496 kB
76.50
 
1610376444
MemFree:         2023124 kB
83.35
 
1610376449
MemFree:         2028904 kB
85.71
 
1610376454
MemFree:         2029036 kB
83.88
 
1610376459
MemFree:         2028872 kB
85.40
 
1610376464
MemFree:         2028532 kB
84.09
 
1610376469
MemFree:         2028596 kB
81.06
 
1610376474
MemFree:         2028740 kB
83.32
 
1610376479
MemFree:         2028620 kB
84.71
 
1610376484
MemFree:         2028752 kB
84.66
 
1610376489
MemFree:         2027732 kB
84.52
 
1610376494
MemFree:         2027332 kB
84.21
 
1610376499
MemFree:         2027356 kB
70.34
 
1610376504
MemFree:         2014232 kB
78.94
 
1610376509
MemFree:         2027992 kB
84.96
 
1610376514
MemFree:         2028068 kB
85.34
 
1610376519
MemFree:         2027888 kB
84.03
 
1610376525
MemFree:         2031800 kB
85.66
 
1610376530
MemFree:         2031108 kB
79.80
 
1610376535
MemFree:         2032380 kB
83.35
 
1610376540
MemFree:         2029332 kB
84.52
 
1610376545
MemFree:         2026548 kB
84.02
 
1610376550
MemFree:         2026560 kB
84.72
 
1610376555
MemFree:         2026284 kB
80.78
 
1610376560
MemFree:         2026140 kB
74.57
 
1610376565
MemFree:         2026140 kB
86.08
 
1610376570
MemFree:         2026076 kB
84.88
 
1610376575
MemFree:         2037804 kB
85.32
 
1610376580
MemFree:         2030488 kB
82.92
 
1610376585
MemFree:         2029332 kB
81.74
 
1610376590
MemFree:         2028624 kB
82.38
 
1610376595
MemFree:         2028384 kB
85.23
 
1610376600
MemFree:         2028168 kB
84.74
 
1610376605
MemFree:         2029996 kB
84.81
 
1610376610
MemFree:         2026548 kB
84.68
 
1610376615
MemFree:         2027072 kB
84.05
 
1610376620
MemFree:         2032360 kB
75.23
 
1610376625
MemFree:         2025088 kB
84.85
 
1610376630
MemFree:         2030004 kB
84.67
 
1610376635
MemFree:         2027464 kB
84.78
 
1610376640
MemFree:         2026716 kB
84.85
 
1610376645
MemFree:         2026972 kB
83.98
 
1610376650
MemFree:         2026972 kB
81.86
 
1610376655
MemFree:         2027312 kB
84.15
 
1610376660
MemFree:         2026168 kB
84.16
 
1610376665
MemFree:         2026044 kB
85.26
 
1610376671
MemFree:         2025928 kB
85.29
 
1610376676
MemFree:         2025696 kB
84.62
 
1610376681
MemFree:         2027904 kB
76.34
 
1610376687
MemFree:         2029484 kB
85.56
 
1610376692
MemFree:         2029472 kB
85.11
 
1610376697
MemFree:         2029068 kB
85.27
 
1610376702
MemFree:         2028928 kB
84.81
 
1610376707
MemFree:         2026620 kB
85.63
 
1610376712
MemFree:         2026096 kB
81.11
 
1610376717
MemFree:         2025964 kB
85.04
 
1610376722
MemFree:         2027592 kB
85.27
 
1610376727
MemFree:         2028168 kB
85.47
 
1610376732
MemFree:         2027744 kB
85.79
 
1610376737
MemFree:         2027900 kB
80.99
 
1610376742
MemFree:         2014108 kB
79.47
 
1610376747
MemFree:         2028996 kB
86.34
 
1610376753
MemFree:         2029340 kB
86.32
 
1610376758
MemFree:         2029292 kB
83.77
 
1610376763
MemFree:         2027064 kB
84.42
 
1610376768
MemFree:         2032160 kB
86.01
 
1610376774
MemFree:         2031452 kB
82.46
 
1610376779
MemFree:         2030240 kB
83.97
 
1610376784
MemFree:         2029624 kB
85.60
 
1610376789
MemFree:         2029184 kB
85.90
 
1610376794
MemFree:         2033248 kB
84.85
 
1610376799
MemFree:         2031120 kB
74.23
 
1610376804
MemFree:         2029512 kB
82.07
 
1610376809
MemFree:         2034288 kB
85.91
 
1610376814
MemFree:         2032148 kB
79.07
 
1610376819
MemFree:         2031524 kB
84.89
 
1610376824
MemFree:         2032228 kB
85.17
 
1610376829
MemFree:         2025756 kB
86.53
 
1610376834
MemFree:         2025940 kB
82.14
 
1610376839
MemFree:         2032704 kB
85.35
 
1610376844
MemFree:         2022276 kB
85.22
 
1610376849
MemFree:         2024876 kB
85.06
 
1610376854
MemFree:         2023056 kB
85.19
 
1610376859
MemFree:         2026468 kB
76.73
 
1610376864
MemFree:         2011520 kB
82.28
 
1610376869
MemFree:         2027424 kB
85.24
 
1610376874
MemFree:         2031244 kB
85.19
 
1610376879
MemFree:         2029504 kB
84.34
 
1610376884
MemFree:         2023140 kB
85.33
 
1610376889
MemFree:         2027728 kB
85.54
 
1610376894
MemFree:         2038192 kB
83.30
 
1610376900
MemFree:         2028808 kB
84.51
 
1610376905
MemFree:         2024992 kB
85.48
 
1610376910
MemFree:         2028016 kB
85.90
 
1610376915
MemFree:         2025324 kB
85.15
 
1610376920
MemFree:         2022804 kB
75.68
 
1610376925
MemFree:         2023960 kB
84.66
 
1610376930
MemFree:         2023060 kB
85.97
 
1610376935
MemFree:         2026692 kB
85.86
 
1610376940
MemFree:         2023196 kB
86.31
 
1610376945
MemFree:         2023792 kB
85.08
 
1610376950
MemFree:         2022516 kB
85.90
 
1610376955
MemFree:         2022444 kB
82.90
 
1610376961
MemFree:         2025204 kB
85.71
 
1610376966
MemFree:         2024760 kB
85.57
 
1610376971
MemFree:         2033732 kB
86.42
 
1610376976
MemFree:         2024412 kB
85.47
 
1610376981
MemFree:         2025768 kB
77.15
 
1610376986
MemFree:         2020976 kB
85.54
 
1610376991
MemFree:         2021348 kB
86.39
 
1610376996
MemFree:         2021368 kB
85.07
 
1610377001
MemFree:         2021340 kB
86.07
 
1610377007
MemFree:         2021088 kB
86.03
 
1610377012
MemFree:         2020664 kB
86.66
 
1610377017
MemFree:         2020884 kB
82.62
 
1610377022
MemFree:         2020404 kB
85.56
 
1610377028
MemFree:         2020036 kB
86.56
 
1610377033
MemFree:         2019764 kB
85.12
 
1610377039
MemFree:         2019756 kB
78.12
 
1610377044
MemFree:         2011808 kB
82.79
 
1610377049
MemFree:         2031452 kB
85.09
 
1610377054
MemFree:         2023388 kB
85.49
 
1610377059
MemFree:         2021056 kB
84.45
 
1610377064
MemFree:         2020960 kB
85.24
 
1610377069
MemFree:         2020132 kB
86.37
 
1610377074
MemFree:         2019756 kB
82.57
 
1610377079
MemFree:         2019500 kB
85.19
 
1610377084
MemFree:         2021876 kB
85.36
 
1610377089
MemFree:         2019136 kB
84.95
 
1610377094
MemFree:         2018988 kB
86.02
 
1610377099
MemFree:         2022096 kB
74.49
 
1610377104
MemFree:         2020204 kB
81.44
 
1610377109
MemFree:         2028500 kB
78.42
 
1610377114
MemFree:         2026088 kB
84.84
 
1610377119
MemFree:         2024696 kB
84.99
 
1610377124
MemFree:         2029188 kB
84.44
 
1610377129
MemFree:         2023032 kB
85.84
 
1610377134
MemFree:         2025656 kB
83.19
 
1610377139
MemFree:         2023016 kB
85.26
 
1610377144
MemFree:         2025204 kB
85.49
 
1610377149
MemFree:         2023108 kB
85.14
 
1610377154
MemFree:         2021056 kB
85.67
 
1610377159
MemFree:         2020260 kB
75.37
 
1610377164
MemFree:         2003152 kB
84.27
 
1610377170
MemFree:         2018808 kB
85.01
 
1610377175
MemFree:         2024228 kB
86.07
 
1610377180
MemFree:         2026264 kB
85.08
 
1610377185
MemFree:         2034272 kB
85.74
 
1610377190
MemFree:         2027504 kB
85.52
 
1610377195
MemFree:         2022520 kB
83.42
 
1610377200
MemFree:         2023076 kB
85.08
 
1610377205
MemFree:         2018996 kB
85.02
 
1610377210
MemFree:         2017920 kB
85.22
 
1610377215
MemFree:         2017444 kB
83.20
 
1610377220
MemFree:         2019400 kB
75.58
 
1610377225
MemFree:         2017784 kB
83.06
 
1610377230
MemFree:         2018064 kB
85.01
 
1610377235
MemFree:         2018120 kB
84.83
 
1610377240
MemFree:         2018072 kB
85.58
 
1610377245
MemFree:         2018108 kB
85.23
 
1610377250
MemFree:         2018132 kB
85.09
 
1610377255
MemFree:         2018316 kB
85.31
 
1610377260
MemFree:         2018224 kB
82.04
 
1610377265
MemFree:         2019336 kB
79.42
 
1610377270
MemFree:         2019256 kB
85.61
 
1610377275
MemFree:         2019352 kB
85.57
 
1610377281
MemFree:         2019172 kB
75.17
 
1610377286
MemFree:         2018108 kB
85.14
 
1610377291
MemFree:         2018148 kB
85.24
 
1610377296
MemFree:         2018092 kB
85.32
 
1610377301
MemFree:         2018612 kB
84.24
 
1610377306
MemFree:         2018444 kB
85.25
 
1610377312
MemFree:         2018804 kB
84.45
 
1610377317
MemFree:         2018636 kB
86.11
 
1610377322
MemFree:         2016000 kB
84.25
 
1610377327
MemFree:         2019664 kB
86.02
 
1610377333
MemFree:         2019716 kB
82.51
 
1610377338
MemFree:         2019448 kB
77.89
 
1610377343
MemFree:         2010044 kB
81.99
 
1610377348
MemFree:         2019652 kB
86.73
 
1610377353
MemFree:         2023696 kB
85.25
 
1610377359
MemFree:         2026292 kB
85.03
 
1610377364
MemFree:         2026040 kB
85.39
 
1610377369
MemFree:         2024384 kB
85.62
 
1610377374
MemFree:         2022484 kB
84.29
 
1610377379
MemFree:         2019696 kB
82.62
 
1610377384
MemFree:         2022260 kB
85.38
 
1610377389
MemFree:         2028656 kB
84.88
 
1610377394
MemFree:         2025136 kB
83.97
 
1610377400
MemFree:         2020308 kB
68.98
 
1610377405
MemFree:         2018596 kB
84.59
 
1610377410
MemFree:         2025012 kB
83.69
 
1610377416
MemFree:         2024088 kB
85.43
 
1610377421
MemFree:         2022908 kB
85.09
 
1610377426
MemFree:         2029912 kB
85.49
 
1610377431
MemFree:         2022252 kB
85.82
 
1610377436
MemFree:         2021172 kB
85.45
 
1610377441
MemFree:         2020684 kB
81.41
 
1610377446
MemFree:         2019148 kB
84.80
 
1610377451
MemFree:         2019056 kB
85.03
 
1610377456
MemFree:         2018320 kB
83.23
 
1610377461
MemFree:         2007468 kB
78.09
 
1610377467
MemFree:         2019436 kB
85.12
 
1610377472
MemFree:         2019816 kB
85.81
 
1610377477
MemFree:         2020100 kB
83.08
 
1610377482
MemFree:         2020264 kB
85.00
 
1610377488
MemFree:         2018800 kB
85.32
 
1610377493
MemFree:         2016908 kB
84.63
 
1610377498
MemFree:         2016936 kB
84.30
 
1610377503
MemFree:         2016204 kB
83.72
 
1610377508
MemFree:         2016132 kB
84.75
 
1610377513
MemFree:         2018816 kB
84.96
 
1610377518
MemFree:         2016344 kB
79.76
 
1610377523
MemFree:         2004908 kB
81.77
 
1610377529
MemFree:         2017608 kB
85.47
 
1610377534
MemFree:         2017760 kB
85.57
 
1610377539
MemFree:         2017124 kB
85.72
 
1610377544
MemFree:         2019040 kB
85.42
 
1610377549
MemFree:         2016604 kB
85.91
 
1610377554
MemFree:         2016148 kB
85.21
 
1610377560
MemFree:         2016156 kB
83.67
 
1610377565
MemFree:         2018344 kB
84.29
 
1610377570
MemFree:         2018148 kB
84.76
 
1610377575
MemFree:         2022376 kB
85.23
 
1610377580
MemFree:         2020212 kB
74.86
 
1610377585
MemFree:         2000076 kB
84.32
 
1610377590
MemFree:         2015164 kB
84.78
 
1610377595
MemFree:         2014832 kB
83.91
 
1610377600
MemFree:         2015132 kB
84.13
 
1610377605
MemFree:         2018044 kB
85.28
 
1610377610
MemFree:         2016928 kB
85.59
 
1610377615
MemFree:         2016960 kB
84.91
 
1610377620
MemFree:         2016244 kB
84.59
 
1610377625
MemFree:         2015784 kB
83.89
 
1610377630
MemFree:         1990840 kB
82.17
 
1610377636
MemFree:         2016468 kB
85.51
 
1610377641
MemFree:         2016208 kB
75.77
 
1610377646
MemFree:         2016136 kB
86.57
 
1610377651
MemFree:         2016460 kB
85.16
 
1610377656
MemFree:         2016272 kB
86.28
 
1610377661
MemFree:         2016100 kB
84.68
 
1610377666
MemFree:         2016416 kB
85.06
 
1610377671
MemFree:         2016500 kB
84.63
 
1610377676
MemFree:         2016436 kB
84.41
 
1610377681
MemFree:         2016084 kB
85.42
 
1610377687
MemFree:         2016412 kB
84.33
 
1610377692
MemFree:         2015912 kB
82.13
 
1610377699
MemFree:         2015356 kB
75.24
 
1610377704
MemFree:         1999300 kB
78.61
 
1610377709
MemFree:         2014972 kB
85.65
 
1610377714
MemFree:         2014876 kB
72.99
 
1610377719
MemFree:         2015540 kB
85.30
 
1610377724
MemFree:         2020676 kB
86.24
 
1610377731
MemFree:         2019240 kB
86.24
 
1610377736
MemFree:         2023540 kB
84.61
 
1610377741
MemFree:         2018156 kB
86.22
 
1610377746
MemFree:         2018176 kB
84.68
 
1610377751
MemFree:         2014348 kB
80.67
 
1610377757
MemFree:         2015400 kB
80.06
 
1610377762
MemFree:         2012760 kB
77.79
 
1610377767
MemFree:         2015164 kB
85.34
 
1610377772
MemFree:         2014448 kB
84.73
 
1610377777
MemFree:         2018268 kB
86.23
 
1610377782
MemFree:         2020780 kB
86.33
 
1610377787
MemFree:         2019796 kB
87.31
 
1610377792
MemFree:         2018724 kB
86.02
 
1610377797
MemFree:         2020368 kB
79.67
 
1610377802
MemFree:         2017076 kB
85.69
 
1610377807
MemFree:         2015728 kB
83.93
 
1610377812
MemFree:         1977412 kB
83.36
 
1610377817
MemFree:         2015868 kB
83.03
 
1610377822
MemFree:         2017900 kB
74.82
 
1610377827
MemFree:         1698200 kB
79.15
 
1610377832
MemFree:         1234900 kB
79.24
 
1610377837
MemFree:          763408 kB
79.71
 
1610377842
MemFree:          283556 kB
81.98
 
1610377847
MemFree:          199512 kB
81.16
 
1610377852
MemFree:          198028 kB
82.13
 
1610377857
MemFree:          195396 kB
73.97
 
1610377862
MemFree:          194848 kB
76.88
 
1610377868
MemFree:          193356 kB
62.84
 
1610377878
MemFree:          192060 kB
50.19
 
1610377887
MemFree:          189896 kB
52.87
 
1610377895
MemFree:          187548 kB
79.84
 
1610377900
MemFree:          185896 kB
77.64
 
1610377905
MemFree:          184552 kB
79.06
 
1610377910
MemFree:          182568 kB
82.41
 
1610377915
MemFree:          181684 kB
96.26
 
1610377920
MemFree:          180716 kB
94.06
 
1610377925
MemFree:          179432 kB
83.28
 
1610377930
MemFree:          177668 kB
82.33
 
1610377935
MemFree:          176088 kB
77.80
 
1610377940
MemFree:          174840 kB
78.82
 
1610377945
MemFree:          164152 kB
81.78
 
1610377950
MemFree:          173904 kB
86.56
 
1610377955
MemFree:          171976 kB
89.21
 
1610377960
MemFree:          171196 kB
84.56
 
1610377965
MemFree:          172660 kB
81.42
 
1610377970
MemFree:          178472 kB
80.28
 
1610377975
MemFree:          199200 kB
84.40
 
1610377980
MemFree:          216348 kB
79.82
 
1610377985
MemFree:          227208 kB
85.25
 
1610377990
MemFree:          246812 kB
78.04
 
1610377995
MemFree:          258104 kB
79.10
 
1610378000
MemFree:          266816 kB
76.42
 
1610378005
MemFree:          261772 kB
81.94
 
1610378010
MemFree:          286812 kB
87.37
 
1610378015
MemFree:          296912 kB
86.31
 
1610378020
MemFree:          307160 kB
81.84
 
1610378025
MemFree:          317208 kB
79.73
 
1610378030
MemFree:          324656 kB
82.39
 
1610378035
MemFree:          330488 kB
83.22
 
1610378040
MemFree:          334748 kB
83.83
 
1610378045
MemFree:          336092 kB
89.77
 
1610378050
MemFree:          336824 kB
89.41
 
1610378055
MemFree:          340124 kB
85.63
 
1610378060
MemFree:          342388 kB
75.35
 
1610378066
MemFree:          329336 kB
76.67
 
1610378071
MemFree:          344832 kB
83.59
 
1610378076
MemFree:          345712 kB
81.01
 
1610378081
MemFree:          346044 kB
82.11
 
1610378086
MemFree:          345864 kB
83.39
 
1610378091
MemFree:          345872 kB
83.26
 
1610378096
MemFree:          346104 kB
79.55
 
1610378101
MemFree:          349636 kB
84.30
 
1610378106
MemFree:          349000 kB
83.48
 
1610378111
MemFree:          349360 kB
83.57
 
1610378116
MemFree:          346556 kB
83.96
 
1610378121
MemFree:          350060 kB
73.55
 
1610378126
MemFree:          348980 kB
83.25
 
1610378131
MemFree:          348664 kB
83.88
 
1610378136
MemFree:          348160 kB
87.07
 
1610378141
MemFree:          347676 kB
73.86
 
1610378146
MemFree:          348048 kB
78.63
 
1610378151
MemFree:          347760 kB
77.52
 
1610378156
MemFree:          347364 kB
86.23
 
1610378161
MemFree:          347064 kB
79.23
 
1610378166
MemFree:          347160 kB
81.39
 
1610378171
MemFree:          347440 kB
78.61
 
1610378176
MemFree:          348308 kB
77.68
 
1610378181
MemFree:          343512 kB
71.28
 
1610378186
MemFree:          348744 kB
81.02
 
1610378191
MemFree:          348412 kB
86.14
 
1610378196
MemFree:          348420 kB
80.62
 
1610378201
MemFree:          348548 kB
85.65
 
1610378206
MemFree:          348252 kB
81.30
 
1610378211
MemFree:          347832 kB
83.53
 
1610378216
MemFree:          347804 kB
76.16
 
1610378221
MemFree:          347600 kB
83.71
 
1610378226
MemFree:          347792 kB
80.00
 
1610378231
MemFree:          348240 kB
79.77
 
1610378236
MemFree:          347816 kB
79.94
 
1610378242
MemFree:          339484 kB
75.34
 
1610378247
MemFree:          349232 kB
75.74
 
1610378252
MemFree:          349112 kB
82.96
 
1610378257
MemFree:          348348 kB
78.91
 
1610378262
MemFree:          347456 kB
84.54
 
1610378267
MemFree:          347148 kB
76.59
 
1610378272
MemFree:          347100 kB
80.48
 
1610378277
MemFree:          346976 kB
83.72
 
1610378282
MemFree:          346312 kB
82.10
 
1610378287
MemFree:          346288 kB
79.40
 
1610378292
MemFree:          346340 kB
80.54
 
1610378297
MemFree:          346996 kB
79.14
 
1610378302
MemFree:          333352 kB
77.06
 
1610378307
MemFree:          348288 kB
83.09
 
1610378312
MemFree:          348716 kB
83.01
 
1610378317
MemFree:          348152 kB
78.42
 
1610378322
MemFree:          349140 kB
80.95
 
1610378327
MemFree:          348620 kB
83.72
 
1610378332
MemFree:          347856 kB
83.43
 
1610378337
MemFree:          347408 kB
84.62
 
1610378342
MemFree:          347460 kB
81.77
 
1610378347
MemFree:          347460 kB
82.76
 
1610378352
MemFree:          347904 kB
83.43
 
1610378357
MemFree:          348112 kB
81.63
 
1610378362
MemFree:          347524 kB
74.35
 
1610378367
MemFree:          348404 kB
83.26
 
1610378372
MemFree:          347956 kB
79.99
 
1610378377
MemFree:          347632 kB
83.21
 
1610378382
MemFree:          347240 kB
83.94
 
1610378387
MemFree:          347316 kB
80.54
 
1610378392
MemFree:          346884 kB
85.18
 
1610378397
MemFree:          346572 kB
86.23
 
1610378402
MemFree:          346620 kB
87.92
 
1610378407
MemFree:          346372 kB
87.09
 
1610378412
MemFree:          345996 kB
79.38
 
1610378418
MemFree:          346272 kB
78.61
 
1610378423
MemFree:          343328 kB
73.96
 
1610378428
MemFree:          349348 kB
80.47
 
1610378433
MemFree:          348316 kB
84.42
 
1610378438
MemFree:          347724 kB
83.05
 
1610378443
MemFree:          347536 kB
82.14
 
1610378448
MemFree:          348376 kB
79.51
 
1610378453
MemFree:          348252 kB
89.29