MemTotal:        3836552 kB

------

1610375354
MemFree:          269712 kB
98.08
 
1610375359
MemFree:          273228 kB
95.60
 
1610375364
MemFree:          259100 kB
91.35
 
1610375369
MemFree:          281580 kB
90.63
 
1610375374
MemFree:          286136 kB
85.52
 
1610375379
MemFree:          291152 kB
82.88
 
1610375384
MemFree:          294168 kB
79.36
 
1610375389
MemFree:          298388 kB
81.03
 
1610375395
MemFree:          286664 kB
74.42
 
1610375400
MemFree:          308928 kB
83.48
 
1610375405
MemFree:          312456 kB
79.70
 
1610375410
MemFree:          315872 kB
86.38
 
1610375415
MemFree:          317928 kB
83.95
 
1610375420
MemFree:          319788 kB
82.66
 
1610375425
MemFree:          320652 kB
81.85
 
1610375430
MemFree:          323616 kB
74.60
 
1610375435
MemFree:          322716 kB
82.95
 
1610375440
MemFree:          322064 kB
81.79
 
1610375445
MemFree:          322704 kB
83.25
 
1610375450
MemFree:          322624 kB
80.05
 
1610375455
MemFree:          319620 kB
78.09
 
1610375460
MemFree:          325056 kB
80.01
 
1610375465
MemFree:          324484 kB
80.62
 
1610375470
MemFree:          324564 kB
76.23
 
1610375475
MemFree:          324392 kB
81.71
 
1610375480
MemFree:          324132 kB
87.91
 
1610375485
MemFree:          323604 kB
81.24
 
1610375490
MemFree:          325656 kB
84.75
 
1610375495
MemFree:          324868 kB
81.93
 
1610375500
MemFree:          324840 kB
83.72
 
1610375505
MemFree:          324624 kB
83.27
 
1610375510
MemFree:          326116 kB
77.96
 
1610375515
MemFree:          317572 kB
77.50
 
1610375520
MemFree:          328256 kB
78.24
 
1610375525
MemFree:          329612 kB
80.49
 
1610375530
MemFree:          330052 kB
83.42
 
1610375535
MemFree:          331456 kB
79.66
 
1610375540
MemFree:          331900 kB
82.74
 
1610375545
MemFree:          332144 kB
80.78
 
1610375550
MemFree:          332640 kB
82.40
 
1610375556
MemFree:          332428 kB
80.75
 
1610375561
MemFree:          332332 kB
78.79
 
1610375566
MemFree:          334112 kB
82.74
 
1610375571
MemFree:          333836 kB
78.89
 
1610375576
MemFree:          316628 kB
76.86
 
1610375581
MemFree:          335496 kB
82.46
 
1610375586
MemFree:          337560 kB
82.06
 
1610375591
MemFree:          337696 kB
79.93
 
1610375596
MemFree:          337660 kB
84.89
 
1610375601
MemFree:          337608 kB
82.30
 
1610375606
MemFree:          337592 kB
81.54
 
1610375611
MemFree:          337320 kB
78.38
 
1610375616
MemFree:          337540 kB
80.89
 
1610375621
MemFree:          337436 kB
79.79
 
1610375626
MemFree:          336980 kB
78.75
 
1610375631
MemFree:          336492 kB
79.07
 
1610375636
MemFree:          334016 kB
81.03
 
1610375641
MemFree:          338544 kB
79.82
 
1610375646
MemFree:          337684 kB
82.26
 
1610375651
MemFree:          337976 kB
85.09
 
1610375656
MemFree:          337280 kB
82.42
 
1610375661
MemFree:          336988 kB
82.17
 
1610375666
MemFree:          337140 kB
79.94
 
1610375671
MemFree:          335860 kB
79.65
 
1610375676
MemFree:          338712 kB
81.40
 
1610375681
MemFree:          337644 kB
82.16
 
1610375686
MemFree:          337608 kB
83.13
 
1610375691
MemFree:          336804 kB
76.06
 
1610375696
MemFree:          325352 kB
78.97
 
1610375701
MemFree:          337736 kB
83.30
 
1610375706
MemFree:          338116 kB
83.46
 
1610375712
MemFree:          337320 kB
80.88
 
1610375717
MemFree:          336540 kB
84.40
 
1610375722
MemFree:          336612 kB
80.97
 
1610375727
MemFree:          336420 kB
78.89
 
1610375732
MemFree:          336652 kB
76.15
 
1610375737
MemFree:          336796 kB
82.20
 
1610375742
MemFree:          336240 kB
78.77
 
1610375747
MemFree:          336012 kB
79.52
 
1610375752
MemFree:          336156 kB
73.88
 
1610375757
MemFree:          324852 kB
80.28
 
1610375762
MemFree:          338884 kB
83.05
 
1610375767
MemFree:          340680 kB
83.03
 
1610375772
MemFree:          339980 kB
79.12
 
1610375777
MemFree:          339668 kB
84.35
 
1610375782
MemFree:          338784 kB
80.85
 
1610375787
MemFree:          338396 kB
77.27
 
1610375792
MemFree:          337644 kB
77.76
 
1610375797
MemFree:          338568 kB
80.30
 
1610375802
MemFree:          337672 kB
78.72
 
1610375807
MemFree:          337396 kB
80.56
 
1610375812
MemFree:          337076 kB
73.65
 
1610375817
MemFree:          335020 kB
76.56
 
1610375822
MemFree:          336688 kB
80.56
 
1610375827
MemFree:          336268 kB
79.00
 
1610375832
MemFree:          335904 kB
80.44
 
1610375837
MemFree:          335756 kB
78.73
 
1610375842
MemFree:          341284 kB
77.91
 
1610375847
MemFree:          339584 kB
80.01
 
1610375852
MemFree:          338616 kB
79.03
 
1610375857
MemFree:          337520 kB
80.89
 
1610375862
MemFree:          337008 kB
79.12
 
1610375868
MemFree:          336716 kB
79.97
 
1610375873
MemFree:          336260 kB
71.14
 
1610375878
MemFree:          328748 kB
94.63
 
1610375883
MemFree:          336440 kB
95.91
 
1610375888
MemFree:          337048 kB
88.94
 
1610375893
MemFree:          336660 kB
79.24
 
1610375898
MemFree:          336072 kB
78.74
 
1610375903
MemFree:          335784 kB
80.50
 
1610375908
MemFree:          335960 kB
82.17
 
1610375913
MemFree:          335488 kB
84.68
 
1610375918
MemFree:          336780 kB
84.51
 
1610375923
MemFree:          338788 kB
86.85
 
1610375928
MemFree:          337156 kB
81.87
 
1610375933
MemFree:          336756 kB
79.98
 
1610375938
MemFree:          336672 kB
82.44
 
1610375943
MemFree:          336380 kB
84.09
 
1610375948
MemFree:          332972 kB
82.65
 
1610375953
MemFree:          333396 kB
79.85
 
1610375958
MemFree:          333936 kB
87.57
 
1610375963
MemFree:          333676 kB
79.92
 
1610375968
MemFree:          333092 kB
87.10
 
1610375973
MemFree:          332352 kB
81.20
 
1610375978
MemFree:          334220 kB
79.50
 
1610375983
MemFree:          333424 kB
88.48
 
1610375988
MemFree:          333444 kB
86.24
 
1610375993
MemFree:          329716 kB
62.97
 
1610375998
MemFree:          302984 kB
79.75
 
1610376003
MemFree:          317464 kB
79.79
 
1610376008
MemFree:          316968 kB
69.96
 
1610376013
MemFree:          316636 kB
77.38
 
1610376019
MemFree:          316548 kB
83.75
 
1610376024
MemFree:          315996 kB
79.88
 
1610376029
MemFree:          315744 kB
81.00
 
1610376034
MemFree:          315548 kB
73.71
 
1610376039
MemFree:          313176 kB
86.03
 
1610376044
MemFree:          316804 kB
83.19
 
1610376049
MemFree:          316704 kB
81.41
 
1610376054
MemFree:          312184 kB
70.46
 
1610376059
MemFree:          317064 kB
85.49
 
1610376064
MemFree:          316772 kB
80.52
 
1610376069
MemFree:          316380 kB
80.90
 
1610376074
MemFree:          315960 kB
79.01
 
1610376079
MemFree:          316476 kB
75.94
 
1610376084
MemFree:          316652 kB
83.27
 
1610376089
MemFree:          316196 kB
84.43
 
1610376094
MemFree:          315884 kB
80.56
 
1610376099
MemFree:          315436 kB
80.67
 
1610376104
MemFree:          315120 kB
80.79
 
1610376109
MemFree:          315476 kB
81.38
 
1610376114
MemFree:          304044 kB
71.73
 
1610376119
MemFree:          315492 kB
81.08
 
1610376124
MemFree:          315444 kB
83.60
 
1610376129
MemFree:          314944 kB
79.99
 
1610376134
MemFree:          314408 kB
78.87
 
1610376139
MemFree:          314024 kB
80.40
 
1610376144
MemFree:          314340 kB
82.83
 
1610376149
MemFree:          314276 kB
78.42
 
1610376154
MemFree:          313556 kB
81.02
 
1610376159
MemFree:          313660 kB
75.82
 
1610376164
MemFree:          313776 kB
76.23
 
1610376170
MemFree:          314084 kB
82.53
 
1610376175
MemFree:          298312 kB
79.20
 
1610376180
MemFree:          314060 kB
83.69
 
1610376185
MemFree:          314224 kB
85.79
 
1610376190
MemFree:          314132 kB
80.25
 
1610376197
MemFree:          313824 kB
59.31
 
1610376202
MemFree:          313168 kB
74.86
 
1610376207
MemFree:          317176 kB
79.45
 
1610376212
MemFree:          315580 kB
83.52
 
1610376217
MemFree:          315572 kB
81.35
 
1610376222
MemFree:          315012 kB
75.92
 
1610376227
MemFree:          313868 kB
84.79
 
1610376232
MemFree:          313472 kB
76.86
 
1610376237
MemFree:          302236 kB
77.84
 
1610376242
MemFree:          312032 kB
83.98
 
1610376247
MemFree:          311796 kB
79.05
 
1610376252
MemFree:          312032 kB
80.98
 
1610376258
MemFree:          311536 kB
81.34
 
1610376263
MemFree:          311656 kB
84.63
 
1610376268
MemFree:          311260 kB
86.15
 
1610376273
MemFree:          311740 kB
85.41
 
1610376278
MemFree:          312040 kB
78.71
 
1610376283
MemFree:          311572 kB
79.29
 
1610376288
MemFree:          312504 kB
83.12
 
1610376293
MemFree:          312544 kB
72.75
 
1610376298
MemFree:          301560 kB
81.19
 
1610376303
MemFree:          312976 kB
87.35
 
1610376308
MemFree:          312908 kB
86.00
 
1610376313
MemFree:          312456 kB
86.27
 
1610376318
MemFree:          312844 kB
86.72
 
1610376323
MemFree:          312664 kB
87.44
 
1610376328
MemFree:          312136 kB
83.75
 
1610376333
MemFree:          311568 kB
76.00
 
1610376338
MemFree:          311616 kB
84.41
 
1610376343
MemFree:          311644 kB
78.34
 
1610376348
MemFree:          311296 kB
81.48
 
1610376353
MemFree:          310448 kB
84.27
 
1610376358
MemFree:          310664 kB
91.07
 
1610376363
MemFree:          310624 kB
74.11
 
1610376368
MemFree:          309908 kB
76.97
 
1610376373
MemFree:          309656 kB
78.08
 
1610376378
MemFree:          309216 kB
80.03
 
1610376383
MemFree:          308688 kB
78.01
 
1610376388
MemFree:          308732 kB
80.86
 
1610376393
MemFree:          308464 kB
71.73
 
1610376398
MemFree:          309128 kB
72.22
 
1610376403
MemFree:          309376 kB
75.98
 
1610376409
MemFree:          311236 kB
74.94
 
1610376414
MemFree:          308016 kB
69.88
 
1610376419
MemFree:          310804 kB
76.67
 
1610376424
MemFree:          310476 kB
79.01
 
1610376429
MemFree:          309912 kB
81.75
 
1610376434
MemFree:          309864 kB
82.12
 
1610376439
MemFree:          309220 kB
75.48
 
1610376444
MemFree:          308872 kB
75.62
 
1610376449
MemFree:          309112 kB
82.16
 
1610376454
MemFree:          309580 kB
79.18
 
1610376459
MemFree:          309548 kB
79.19
 
1610376464
MemFree:          309332 kB
76.48
 
1610376469
MemFree:          310984 kB
79.36
 
1610376474
MemFree:          299760 kB
72.70
 
1610376479
MemFree:          309320 kB
77.86
 
1610376484
MemFree:          309120 kB
79.17
 
1610376489
MemFree:          308980 kB
83.38
 
1610376494
MemFree:          308988 kB
83.82
 
1610376499
MemFree:          308300 kB
76.14
 
1610376504
MemFree:          307812 kB
75.87
 
1610376509
MemFree:          307624 kB
87.77
 
1610376514
MemFree:          307724 kB
80.25
 
1610376519
MemFree:          307712 kB
83.73
 
1610376524
MemFree:          307956 kB
77.15
 
1610376529
MemFree:          310164 kB
74.63
 
1610376534
MemFree:          293660 kB
75.06
 
1610376539
MemFree:          309920 kB
73.12
 
1610376544
MemFree:          308848 kB
80.35
 
1610376549
MemFree:          308148 kB
83.76
 
1610376554
MemFree:          307944 kB
79.45
 
1610376559
MemFree:          307580 kB
85.42
 
1610376564
MemFree:          307428 kB
79.07
 
1610376569
MemFree:          307264 kB
74.70
 
1610376575
MemFree:          306856 kB
75.64
 
1610376580
MemFree:          306216 kB
79.97
 
1610376585
MemFree:          305792 kB
78.12
 
1610376590
MemFree:          307168 kB
74.20
 
1610376595
MemFree:          291152 kB
74.35
 
1610376600
MemFree:          307812 kB
84.10
 
1610376605
MemFree:          307636 kB
78.86
 
1610376610
MemFree:          306976 kB
81.30
 
1610376615
MemFree:          307256 kB
81.79
 
1610376620
MemFree:          306780 kB
81.80
 
1610376625
MemFree:          306212 kB
82.19
 
1610376630
MemFree:          306664 kB
80.40
 
1610376635
MemFree:          306236 kB
76.99
 
1610376640
MemFree:          306100 kB
83.45
 
1610376645
MemFree:          306068 kB
77.61
 
1610376650
MemFree:          308060 kB
78.06
 
1610376655
MemFree:          299056 kB
74.94
 
1610376660
MemFree:          305868 kB
84.28
 
1610376665
MemFree:          304824 kB
73.49
 
1610376670
MemFree:          305192 kB
79.94
 
1610376675
MemFree:          304580 kB
75.51
 
1610376680
MemFree:          304704 kB
76.00
 
1610376685
MemFree:          304664 kB
82.80
 
1610376690
MemFree:          303784 kB
80.12
 
1610376695
MemFree:          304956 kB
75.53
 
1610376700
MemFree:          303988 kB
74.64
 
1610376705
MemFree:          303860 kB
78.08
 
1610376710
MemFree:          303836 kB
73.30
 
1610376715
MemFree:          292052 kB
76.36
 
1610376720
MemFree:          305392 kB
84.03
 
1610376725
MemFree:          305140 kB
84.33
 
1610376731
MemFree:          304016 kB
86.41
 
1610376736
MemFree:          304040 kB
83.79
 
1610376741
MemFree:          304312 kB
87.86
 
1610376746
MemFree:          303936 kB
81.81
 
1610376751
MemFree:          304048 kB
81.65
 
1610376756
MemFree:          304440 kB
78.70
 
1610376761
MemFree:          304600 kB
81.44
 
1610376766
MemFree:          304108 kB
77.70
 
1610376771
MemFree:          303584 kB
74.23
 
1610376776
MemFree:          288500 kB
75.74
 
1610376781
MemFree:          306704 kB
76.32
 
1610376786
MemFree:          306044 kB
79.56
 
1610376791
MemFree:          305496 kB
75.77
 
1610376796
MemFree:          305292 kB
76.63
 
1610376801
MemFree:          304440 kB
76.36
 
1610376806
MemFree:          304256 kB
80.25
 
1610376811
MemFree:          303444 kB
84.09
 
1610376816
MemFree:          303076 kB
79.88
 
1610376821
MemFree:          302852 kB
66.51
 
1610376826
MemFree:          302804 kB
82.14
 
1610376831
MemFree:          301448 kB
70.67
 
1610376836
MemFree:          298772 kB
70.31
 
1610376841
MemFree:          305432 kB
73.73
 
1610376846
MemFree:          305176 kB
80.56
 
1610376851
MemFree:          304316 kB
77.74
 
1610376856
MemFree:          304040 kB
77.94
 
1610376861
MemFree:          303740 kB
79.68
 
1610376866
MemFree:          303680 kB
82.37
 
1610376871
MemFree:          303120 kB
83.11
 
1610376876
MemFree:          303252 kB
79.10
 
1610376881
MemFree:          303600 kB
80.45
 
1610376886
MemFree:          303308 kB
83.83
 
1610376891
MemFree:          303280 kB
69.36
 
1610376897
MemFree:          292740 kB
77.16
 
1610376902
MemFree:          302416 kB
83.04
 
1610376907
MemFree:          301984 kB
71.83
 
1610376912
MemFree:          301840 kB
76.47
 
1610376917
MemFree:          302048 kB
75.55
 
1610376922
MemFree:          301716 kB
76.33
 
1610376927
MemFree:          301320 kB
77.80
 
1610376932
MemFree:          300580 kB
75.44
 
1610376937
MemFree:          300824 kB
77.09
 
1610376942
MemFree:          300088 kB
76.09
 
1610376947
MemFree:          299940 kB
79.97
 
1610376952
MemFree:          300076 kB
79.59
 
1610376957
MemFree:          301188 kB
80.63
 
1610376962
MemFree:          300380 kB
78.18
 
1610376967
MemFree:          300500 kB
72.39
 
1610376972
MemFree:          300716 kB
74.93
 
1610376977
MemFree:          300172 kB
72.46
 
1610376982
MemFree:          299856 kB
73.25
 
1610376987
MemFree:          300044 kB
78.40
 
1610376992
MemFree:          299460 kB
76.90
 
1610376997
MemFree:          299688 kB
81.65
 
1610377002
MemFree:          299360 kB
78.80
 
1610377007
MemFree:          299644 kB
81.83
 
1610377012
MemFree:          300008 kB
73.16
 
1610377017
MemFree:          293420 kB
80.08
 
1610377022
MemFree:          298832 kB
80.57
 
1610377027
MemFree:          298144 kB
78.33
 
1610377032
MemFree:          297504 kB
78.14
 
1610377037
MemFree:          297736 kB
77.84
 
1610377042
MemFree:          298084 kB
75.96
 
1610377047
MemFree:          297832 kB
79.10
 
1610377053
MemFree:          297240 kB
76.61
 
1610377058
MemFree:          297328 kB
76.82
 
1610377063
MemFree:          297336 kB
78.95
 
1610377068
MemFree:          297496 kB
75.83
 
1610377073
MemFree:          297560 kB
69.13
 
1610377078
MemFree:          290076 kB
72.63
 
1610377083
MemFree:          296696 kB
74.24
 
1610377088
MemFree:          295956 kB
75.69
 
1610377093
MemFree:          296232 kB
76.91
 
1610377098
MemFree:          296464 kB
75.46
 
1610377103
MemFree:          297072 kB
75.08
 
1610377108
MemFree:          296240 kB
74.36
 
1610377113
MemFree:          296968 kB
77.41
 
1610377118
MemFree:          297400 kB
78.51
 
1610377123
MemFree:          297084 kB
76.20
 
1610377128
MemFree:          296300 kB
73.58
 
1610377133
MemFree:          296700 kB
70.57
 
1610377138
MemFree:          284324 kB
75.19
 
1610377143
MemFree:          296896 kB
77.22
 
1610377148
MemFree:          296328 kB
75.08
 
1610377153
MemFree:          295972 kB
80.56
 
1610377158
MemFree:          296268 kB
78.99
 
1610377163
MemFree:          295528 kB
79.09
 
1610377168
MemFree:          295224 kB
78.10
 
1610377173
MemFree:          295448 kB
84.64
 
1610377178
MemFree:          294628 kB
89.98
 
1610377183
MemFree:          294340 kB
76.98
 
1610377188
MemFree:          293236 kB
71.67
 
1610377193
MemFree:          293040 kB
73.15
 
1610377198
MemFree:          278548 kB
78.41
 
1610377203
MemFree:          293016 kB
78.36
 
1610377208
MemFree:          292764 kB
77.93
 
1610377213
MemFree:          292864 kB
78.39
 
1610377218
MemFree:          292620 kB
78.16
 
1610377224
MemFree:          292880 kB
79.93
 
1610377233
MemFree:          293868 kB
75.57
 
1610377238
MemFree:          294316 kB
78.08
 
1610377243
MemFree:          293496 kB
80.17
 
1610377248
MemFree:          293700 kB
77.76
 
1610377253
MemFree:          293188 kB
74.95
 
1610377258
MemFree:          280172 kB
76.67
 
1610377263
MemFree:          293560 kB
81.26
 
1610377268
MemFree:          293352 kB
80.88
 
1610377273
MemFree:          292860 kB
75.63
 
1610377278
MemFree:          292564 kB
79.62
 
1610377283
MemFree:          292684 kB
83.87
 
1610377288
MemFree:          292304 kB
78.72
 
1610377293
MemFree:          292336 kB
80.10
 
1610377298
MemFree:          291800 kB
84.10
 
1610377303
MemFree:          291640 kB
81.99
 
1610377308
MemFree:          291596 kB
78.97
 
1610377313
MemFree:          290576 kB
71.49
 
1610377318
MemFree:          273252 kB
75.55
 
1610377323
MemFree:          291048 kB
77.70
 
1610377328
MemFree:          290480 kB
84.22
 
1610377333
MemFree:          290160 kB
82.23
 
1610377338
MemFree:          290156 kB
80.94
 
1610377343
MemFree:          290268 kB
82.48
 
1610377348
MemFree:          290360 kB
76.91
 
1610377353
MemFree:          290640 kB
74.06
 
1610377358
MemFree:          290356 kB
78.54
 
1610377363
MemFree:          290040 kB
78.28
 
1610377368
MemFree:          289916 kB
79.10
 
1610377373
MemFree:          289964 kB
73.69
 
1610377378
MemFree:          290696 kB
78.70
 
1610377383
MemFree:          291156 kB
83.61
 
1610377389
MemFree:          290396 kB
71.28
 
1610377394
MemFree:          290320 kB
77.78
 
1610377399
MemFree:          289964 kB
84.23
 
1610377404
MemFree:          289812 kB
77.93
 
1610377409
MemFree:          289364 kB
79.07
 
1610377414
MemFree:          289116 kB
82.56
 
1610377419
MemFree:          288948 kB
80.86
 
1610377424
MemFree:          288620 kB
85.00
 
1610377429
MemFree:          288412 kB
85.86
 
1610377434
MemFree:          283684 kB
79.36
 
1610377439
MemFree:          290048 kB
81.19
 
1610377444
MemFree:          289588 kB
83.88
 
1610377449
MemFree:          288724 kB
79.09
 
1610377454
MemFree:          289048 kB
82.12
 
1610377459
MemFree:          289084 kB
80.08
 
1610377464
MemFree:          288840 kB
83.78
 
1610377469
MemFree:          288136 kB
82.21
 
1610377474
MemFree:          287324 kB
79.90
 
1610377479
MemFree:          287656 kB
77.40
 
1610377484
MemFree:          287980 kB
67.15
 
1610377490
MemFree:          288372 kB
72.62
 
1610377495
MemFree:          280484 kB
69.87
 
1610377500
MemFree:          288652 kB
80.39
 
1610377505
MemFree:          288764 kB
84.44
 
1610377510
MemFree:          288692 kB
81.08
 
1610377515
MemFree:          288388 kB
80.97
 
1610377520
MemFree:          287816 kB
80.15
 
1610377525
MemFree:          286952 kB
82.28
 
1610377530
MemFree:          286808 kB
79.73
 
1610377535
MemFree:          286052 kB
81.45
 
1610377540
MemFree:          287516 kB
82.30
 
1610377545
MemFree:          287208 kB
83.98
 
1610377550
MemFree:          286924 kB
73.97
 
1610377555
MemFree:          274556 kB
72.46
 
1610377561
MemFree:          287416 kB
78.13
 
1610377566
MemFree:          284652 kB
79.28
 
1610377571
MemFree:          287304 kB
78.05
 
1610377576
MemFree:          287132 kB
78.23
 
1610377581
MemFree:          287176 kB
76.74
 
1610377586
MemFree:          286964 kB
77.70
 
1610377591
MemFree:          286668 kB
76.31
 
1610377596
MemFree:          287008 kB
76.18
 
1610377601
MemFree:          287224 kB
76.98
 
1610377606
MemFree:          286392 kB
74.43
 
1610377611
MemFree:          286604 kB
70.33
 
1610377616
MemFree:          271468 kB
75.78
 
1610377621
MemFree:          287344 kB
75.37
 
1610377626
MemFree:          286120 kB
78.38
 
1610377631
MemFree:          285192 kB
81.47
 
1610377636
MemFree:          285128 kB
79.94
 
1610377641
MemFree:          284608 kB
77.85
 
1610377646
MemFree:          283520 kB
78.26
 
1610377651
MemFree:          283964 kB
78.98
 
1610377656
MemFree:          284044 kB
78.28
 
1610377661
MemFree:          284324 kB
77.95
 
1610377666
MemFree:          284392 kB
76.15
 
1610377671
MemFree:          284284 kB
71.10
 
1610377676
MemFree:          279072 kB
75.67
 
1610377681
MemFree:          285040 kB
78.36
 
1610377686
MemFree:          285048 kB
73.93
 
1610377691
MemFree:          286728 kB
77.85
 
1610377696
MemFree:          285904 kB
81.87
 
1610377702
MemFree:          285556 kB
78.65
 
1610377707
MemFree:          284800 kB
80.36
 
1610377712
MemFree:          284784 kB
79.31
 
1610377717
MemFree:          284576 kB
83.11
 
1610377722
MemFree:          284452 kB
72.12
 
1610377727
MemFree:          283840 kB
78.45
 
1610377732
MemFree:          283312 kB
74.38
 
1610377737
MemFree:          270960 kB
74.45
 
1610377742
MemFree:          284888 kB
73.75
 
1610377747
MemFree:          283012 kB
73.68
 
1610377752
MemFree:          284140 kB
77.80
 
1610377757
MemFree:          283520 kB
76.88
 
1610377762
MemFree:          282848 kB
74.51
 
1610377767
MemFree:          283136 kB
80.01
 
1610377772
MemFree:          282436 kB
76.03
 
1610377777
MemFree:          282612 kB
75.62
 
1610377782
MemFree:          282720 kB
78.23
 
1610377787
MemFree:          281888 kB
70.70
 
1610377792
MemFree:          281792 kB
69.82
 
1610377797
MemFree:          267704 kB
75.49
 
1610377802
MemFree:          284964 kB
74.90
 
1610377807
MemFree:          282824 kB
76.01
 
1610377812
MemFree:          284232 kB
79.14
 
1610377817
MemFree:          284148 kB
77.35
 
1610377822
MemFree:          283708 kB
70.12
 
1610377827
MemFree:          280936 kB
65.86
 
1610377832
MemFree:          279340 kB
62.25
 
1610377837
MemFree:          281376 kB
66.27
 
1610377842
MemFree:          281184 kB
79.93
 
1610377847
MemFree:         2086348 kB
96.80
 
1610377853
MemFree:         2086772 kB
88.33
 
1610377858
MemFree:         2086236 kB
98.52
 
1610377863
MemFree:         2086888 kB
98.50
 
1610377868
MemFree:         2086856 kB
97.95
 
1610377873
MemFree:         2086700 kB
98.60
 
1610377878
MemFree:         2085400 kB
98.65
 
1610377883
MemFree:         2085204 kB
98.70
 
1610377888
MemFree:         2085092 kB
98.72
 
1610377893
MemFree:         2084708 kB
98.60
 
1610377898
MemFree:         2085124 kB
98.60
 
1610377903
MemFree:         2085156 kB
98.70
 
1610377908
MemFree:         2085408 kB
98.58
 
1610377913
MemFree:         2085068 kB
88.77
 
1610377918
MemFree:         2086916 kB
97.94
 
1610377923
MemFree:         2086760 kB
98.72
 
1610377928
MemFree:         2086148 kB
98.10
 
1610377933
MemFree:         2086124 kB
98.75
 
1610377938
MemFree:         2086116 kB
98.72
 
1610377943
MemFree:         2086368 kB
98.85
 
1610377948
MemFree:         2086312 kB
98.75
 
1610377953
MemFree:         2085864 kB
98.87
 
1610377958
MemFree:         2086256 kB
98.77
 
1610377963
MemFree:         2086368 kB
98.62
 
1610377968
MemFree:         2086760 kB
98.70
 
1610377973
MemFree:         2086760 kB
88.84
 
1610377978
MemFree:         2086852 kB
98.30
 
1610377983
MemFree:         2086416 kB
98.57
 
1610377988
MemFree:         2086952 kB
97.70
 
1610377993
MemFree:         2086732 kB
98.82
 
1610377998
MemFree:         2086172 kB
98.72
 
1610378003
MemFree:         2086228 kB
98.57
 
1610378008
MemFree:         2086008 kB
98.65
 
1610378013
MemFree:         2086480 kB
98.80
 
1610378019
MemFree:         2086368 kB
98.28
 
1610378024
MemFree:         2086164 kB
98.72
 
1610378029
MemFree:         2086360 kB
98.40
 
1610378034
MemFree:         2084736 kB
89.35
 
1610378039
MemFree:         2084988 kB
98.40
 
1610378044
MemFree:         2085548 kB
98.67
 
1610378049
MemFree:         2085416 kB
97.75
 
1610378054
MemFree:         2085336 kB
98.72
 
1610378059
MemFree:         2085532 kB
98.55
 
1610378064
MemFree:         2085972 kB
98.65
 
1610378069
MemFree:         2085888 kB
98.60
 
1610378074
MemFree:         2085816 kB
98.95
 
1610378079
MemFree:         2086296 kB
98.52
 
1610378084
MemFree:         2086180 kB
98.75
 
1610378089
MemFree:         2086036 kB
97.67
 
1610378094
MemFree:         2075548 kB
90.12
 
1610378099
MemFree:         2086020 kB
98.42
 
1610378104
MemFree:         2085232 kB
98.77
 
1610378109
MemFree:         2085376 kB
98.22
 
1610378114
MemFree:         2085864 kB
98.45
 
1610378119
MemFree:         2085044 kB
98.82
 
1610378124
MemFree:         2085296 kB
98.70
 
1610378129
MemFree:         2085296 kB
98.62
 
1610378134
MemFree:         2085604 kB
98.80
 
1610378139
MemFree:         2084904 kB
98.57
 
1610378144
MemFree:         2085384 kB
98.77
 
1610378149
MemFree:         2085416 kB
96.84
 
1610378154
MemFree:         2068680 kB
90.86
 
1610378159
MemFree:         2085328 kB
98.57
 
1610378164
MemFree:         2085344 kB
98.67
 
1610378169
MemFree:         2085684 kB
98.72
 
1610378174
MemFree:         2085424 kB
98.07
 
1610378179
MemFree:         2085588 kB
98.58
 
1610378184
MemFree:         2085456 kB
98.55
 
1610378190
MemFree:         2085304 kB
98.85
 
1610378195
MemFree:         2085548 kB
98.70
 
1610378200
MemFree:         2084792 kB
98.67
 
1610378205
MemFree:         2085068 kB
98.57
 
1610378210
MemFree:         2085264 kB
95.77
 
1610378215
MemFree:         2080256 kB
91.77
 
1610378220
MemFree:         2084940 kB
98.40
 
1610378225
MemFree:         2084800 kB
98.67
 
1610378230
MemFree:         2084964 kB
98.67
 
1610378235
MemFree:         2084768 kB
97.75
 
1610378240
MemFree:         2084476 kB
98.82
 
1610378245
MemFree:         2084364 kB
98.80
 
1610378250
MemFree:         2084388 kB
98.80
 
1610378255
MemFree:         2084892 kB
98.65
 
1610378260
MemFree:         2085200 kB
98.80
 
1610378265
MemFree:         2085160 kB
98.60
 
1610378270
MemFree:         2085380 kB
94.97
 
1610378275
MemFree:         2070960 kB
92.71
 
1610378280
MemFree:         2085492 kB
98.75
 
1610378285
MemFree:         2085800 kB
98.77
 
1610378290
MemFree:         2084880 kB
98.48
 
1610378295
MemFree:         2084816 kB
97.95
 
1610378300
MemFree:         2085192 kB
98.42
 
1610378305
MemFree:         2085468 kB
98.52
 
1610378310
MemFree:         2085296 kB
98.67
 
1610378315
MemFree:         2085492 kB
98.67
 
1610378320
MemFree:         2085680 kB
98.70
 
1610378325
MemFree:         2085728 kB
98.80
 
1610378330
MemFree:         2085476 kB
94.16
 
1610378335
MemFree:         2068344 kB
93.65
 
1610378340
MemFree:         2083504 kB
98.72
 
1610378345
MemFree:         2083600 kB
98.53
 
1610378350
MemFree:         2083852 kB
98.80
 
1610378356
MemFree:         2084160 kB
97.75
 
1610378361
MemFree:         2084144 kB
98.55
 
1610378366
MemFree:         2084080 kB
98.72
 
1610378371
MemFree:         2084276 kB
98.58
 
1610378376
MemFree:         2084552 kB
98.67
 
1610378381
MemFree:         2084208 kB
98.75
 
1610378386
MemFree:         2084404 kB
98.85
 
1610378391
MemFree:         2084656 kB
92.90
 
1610378396
MemFree:         2075864 kB
94.71
 
1610378401
MemFree:         2083852 kB
98.80
 
1610378406
MemFree:         2083876 kB
98.40
 
1610378411
MemFree:         2083908 kB
98.62
 
1610378416
MemFree:         2083908 kB
98.27
 
1610378421
MemFree:         2083640 kB
98.77
 
1610378426
MemFree:         2083836 kB
98.77
 
1610378431
MemFree:         2084000 kB
98.72
 
1610378436
MemFree:         2084024 kB
98.60
 
1610378441
MemFree:         2083772 kB
98.58
 
1610378446
MemFree:         2084080 kB
98.77
 
1610378451
MemFree:         2083756 kB
92.14
 
1610378456
MemFree:         2068620 kB
95.57
 
1610378461
MemFree:         2082844 kB
98.45