MemTotal:        2038828 kB

------

1610375351
MemFree:          834048 kB
99.35
 
1610375356
MemFree:          834172 kB
99.80
 
1610375361
MemFree:          834172 kB
98.09
 
1610375366
MemFree:          834100 kB
88.41
 
1610375371
MemFree:          834232 kB
87.98
 
1610375376
MemFree:          834052 kB
79.17
 
1610375381
MemFree:          834080 kB
67.37
 
1610375386
MemFree:          833992 kB
72.38
 
1610375391
MemFree:          834024 kB
71.19
 
1610375396
MemFree:          834536 kB
72.53
 
1610375401
MemFree:          834324 kB
71.28
 
1610375407
MemFree:          834484 kB
74.26
 
1610375412
MemFree:          834624 kB
79.56
 
1610375417
MemFree:          834324 kB
69.88
 
1610375422
MemFree:          833736 kB
79.22
 
1610375427
MemFree:          833832 kB
70.03
 
1610375432
MemFree:          834192 kB
62.80
 
1610375437
MemFree:          833716 kB
76.64
 
1610375442
MemFree:          833456 kB
69.77
 
1610375447
MemFree:          833736 kB
79.23
 
1610375452
MemFree:          833896 kB
78.31
 
1610375457
MemFree:          834048 kB
72.41
 
1610375462
MemFree:          833492 kB
74.41
 
1610375467
MemFree:          833304 kB
67.39
 
1610375472
MemFree:          833336 kB
66.73
 
1610375477
MemFree:          833480 kB
74.90
 
1610375482
MemFree:          833336 kB
80.89
 
1610375487
MemFree:          833500 kB
69.58
 
1610375492
MemFree:          833476 kB
77.61
 
1610375497
MemFree:          833416 kB
66.06
 
1610375502
MemFree:          833524 kB
77.38
 
1610375507
MemFree:          833436 kB
74.50
 
1610375512
MemFree:          833208 kB
78.52
 
1610375518
MemFree:          833276 kB
68.17
 
1610375523
MemFree:          833376 kB
70.83
 
1610375528
MemFree:          833544 kB
71.70
 
1610375533
MemFree:          833120 kB
71.84
 
1610375538
MemFree:          832748 kB
66.37
 
1610375543
MemFree:          832824 kB
80.07
 
1610375548
MemFree:          832580 kB
76.25
 
1610375553
MemFree:          832980 kB
67.34
 
1610375558
MemFree:          832784 kB
72.70
 
1610375563
MemFree:          832716 kB
71.35
 
1610375568
MemFree:          832372 kB
74.89
 
1610375573
MemFree:          832248 kB
75.91
 
1610375578
MemFree:          832812 kB
70.31
 
1610375583
MemFree:          832536 kB
73.15
 
1610375588
MemFree:          832620 kB
69.80
 
1610375593
MemFree:          832684 kB
73.87
 
1610375598
MemFree:          832376 kB
75.20
 
1610375603
MemFree:          832312 kB
71.97
 
1610375608
MemFree:          832176 kB
71.73
 
1610375613
MemFree:          832064 kB
75.15
 
1610375619
MemFree:          832252 kB
66.47
 
1610375624
MemFree:          832376 kB
62.05
 
1610375629
MemFree:          832384 kB
69.99
 
1610375634
MemFree:          832136 kB
77.03
 
1610375639
MemFree:          832304 kB
73.43
 
1610375644
MemFree:          832056 kB
66.28
 
1610375649
MemFree:          831948 kB
77.52
 
1610375654
MemFree:          832004 kB
75.63
 
1610375659
MemFree:          831820 kB
71.70
 
1610375664
MemFree:          831880 kB
66.35
 
1610375669
MemFree:          831844 kB
77.18
 
1610375674
MemFree:          831876 kB
69.04
 
1610375679
MemFree:          831916 kB
74.60
 
1610375684
MemFree:          831844 kB
70.90
 
1610375689
MemFree:          831908 kB
72.50
 
1610375694
MemFree:          831448 kB
75.83
 
1610375699
MemFree:          831576 kB
73.55
 
1610375704
MemFree:          830980 kB
76.13
 
1610375709
MemFree:          831756 kB
72.31
 
1610375714
MemFree:          831672 kB
73.93
 
1610375719
MemFree:          831388 kB
75.58
 
1610375724
MemFree:          831256 kB
71.31
 
1610375729
MemFree:          831176 kB
65.93
 
1610375735
MemFree:          831072 kB
74.01
 
1610375740
MemFree:          831108 kB
68.00
 
1610375745
MemFree:          830852 kB
71.93
 
1610375750
MemFree:          830436 kB
66.26
 
1610375755
MemFree:          831136 kB
72.97
 
1610375760
MemFree:          830972 kB
74.97
 
1610375765
MemFree:          830976 kB
71.64
 
1610375770
MemFree:          830700 kB
64.92
 
1610375775
MemFree:          830064 kB
73.15
 
1610375780
MemFree:          830596 kB
72.28
 
1610375785
MemFree:          830480 kB
65.28
 
1610375790
MemFree:          830296 kB
66.36
 
1610375795
MemFree:          830272 kB
67.62
 
1610375800
MemFree:          830180 kB
68.63
 
1610375805
MemFree:          830300 kB
65.86
 
1610375810
MemFree:          829980 kB
72.23
 
1610375815
MemFree:          829716 kB
68.73
 
1610375820
MemFree:          830068 kB
71.12
 
1610375825
MemFree:          829900 kB
66.52
 
1610375830
MemFree:          830000 kB
69.15
 
1610375835
MemFree:          829748 kB
67.19
 
1610375840
MemFree:          830028 kB
68.29
 
1610375845
MemFree:          829436 kB
66.92
 
1610375851
MemFree:          829732 kB
72.46
 
1610375856
MemFree:          829648 kB
70.37
 
1610375861
MemFree:          829472 kB
71.56
 
1610375866
MemFree:          829680 kB
69.22
 
1610375871
MemFree:          828940 kB
67.92
 
1610375876
MemFree:          828868 kB
90.41
 
1610375881
MemFree:          829396 kB
99.20
 
1610375886
MemFree:          829520 kB
95.18
 
1610375891
MemFree:          829676 kB
67.62
 
1610375896
MemFree:          829840 kB
67.84
 
1610375901
MemFree:          829364 kB
64.50
 
1610375906
MemFree:          829336 kB
71.87
 
1610375911
MemFree:          828996 kB
77.30
 
1610375916
MemFree:          829300 kB
72.62
 
1610375921
MemFree:          829276 kB
77.75
 
1610375926
MemFree:          829164 kB
79.39
 
1610375931
MemFree:          828992 kB
81.20
 
1610375936
MemFree:          829196 kB
79.29
 
1610375941
MemFree:          829216 kB
76.72
 
1610375946
MemFree:          829372 kB
76.90
 
1610375951
MemFree:          829388 kB
67.13
 
1610375956
MemFree:          829088 kB
78.51
 
1610375961
MemFree:          828820 kB
72.53
 
1610375967
MemFree:          829124 kB
81.94
 
1610375972
MemFree:          828872 kB
79.87
 
1610375977
MemFree:          829204 kB
80.16
 
1610375982
MemFree:          829720 kB
82.63
 
1610375987
MemFree:          829028 kB
86.64
 
1610375992
MemFree:          828888 kB
71.79
 
1610375997
MemFree:          828728 kB
78.18
 
1610376002
MemFree:          828748 kB
76.46
 
1610376008
MemFree:          829044 kB
73.47
 
1610376013
MemFree:          828980 kB
77.71
 
1610376018
MemFree:          828896 kB
85.78
 
1610376023
MemFree:          828704 kB
75.50
 
1610376028
MemFree:          828844 kB
80.72
 
1610376033
MemFree:          828624 kB
60.53
 
1610376038
MemFree:          828348 kB
81.24
 
1610376043
MemFree:          828252 kB
77.79
 
1610376048
MemFree:          828344 kB
79.71
 
1610376053
MemFree:          828572 kB
79.61
 
1610376058
MemFree:          828380 kB
83.00
 
1610376063
MemFree:          828720 kB
71.71
 
1610376068
MemFree:          828592 kB
78.83
 
1610376074
MemFree:          828728 kB
69.86
 
1610376079
MemFree:          828348 kB
66.80
 
1610376084
MemFree:          828564 kB
79.74
 
1610376089
MemFree:          828300 kB
83.22
 
1610376094
MemFree:          828200 kB
74.66
 
1610376099
MemFree:          828036 kB
78.05
 
1610376104
MemFree:          828256 kB
77.14
 
1610376109
MemFree:          827956 kB
82.34
 
1610376114
MemFree:          827936 kB
79.09
 
1610376119
MemFree:          827948 kB
77.42
 
1610376124
MemFree:          827636 kB
79.98
 
1610376129
MemFree:          827636 kB
75.19
 
1610376134
MemFree:          828104 kB
71.64
 
1610376139
MemFree:          827668 kB
75.65
 
1610376144
MemFree:          827884 kB
80.61
 
1610376149
MemFree:          827696 kB
70.25
 
1610376155
MemFree:          827696 kB
76.56
 
1610376160
MemFree:          827668 kB
71.88
 
1610376165
MemFree:          827408 kB
66.00
 
1610376170
MemFree:          827100 kB
85.07
 
1610376175
MemFree:          827480 kB
85.27
 
1610376180
MemFree:          827572 kB
75.52
 
1610376185
MemFree:          827452 kB
83.79
 
1610376190
MemFree:          827356 kB
76.38
 
1610376198
MemFree:          827396 kB
65.42
 
1610376203
MemFree:          827264 kB
78.39
 
1610376208
MemFree:          826984 kB
77.49
 
1610376213
MemFree:          826932 kB
78.77
 
1610376218
MemFree:          827072 kB
80.21
 
1610376223
MemFree:          827088 kB
70.37
 
1610376228
MemFree:          827056 kB
83.97
 
1610376233
MemFree:          826836 kB
84.82
 
1610376238
MemFree:          826840 kB
70.89
 
1610376243
MemFree:          826920 kB
76.22
 
1610376248
MemFree:          826736 kB
73.29
 
1610376253
MemFree:          826668 kB
81.33
 
1610376258
MemFree:          826484 kB
79.68
 
1610376263
MemFree:          827112 kB
83.73
 
1610376268
MemFree:          826984 kB
87.67
 
1610376273
MemFree:          826952 kB
79.93
 
1610376279
MemFree:          827048 kB
77.74
 
1610376284
MemFree:          826928 kB
79.29
 
1610376289
MemFree:          827140 kB
81.28
 
1610376294
MemFree:          826808 kB
76.34
 
1610376299
MemFree:          826556 kB
81.06
 
1610376304
MemFree:          826280 kB
88.01
 
1610376309
MemFree:          826372 kB
84.37
 
1610376314
MemFree:          826472 kB
84.73
 
1610376319
MemFree:          826644 kB
82.31
 
1610376324
MemFree:          826644 kB
86.42
 
1610376329
MemFree:          826456 kB
70.91
 
1610376334
MemFree:          826116 kB
74.55
 
1610376340
MemFree:          826404 kB
79.36
 
1610376345
MemFree:          826052 kB
73.66
 
1610376350
MemFree:          825920 kB
87.95
 
1610376355
MemFree:          825344 kB
99.55
 
1610376360
MemFree:          825284 kB
87.56
 
1610376365
MemFree:          825376 kB
62.28
 
1610376370
MemFree:          825272 kB
63.79
 
1610376375
MemFree:          825388 kB
73.96
 
1610376380
MemFree:          824984 kB
68.28
 
1610376385
MemFree:          825296 kB
75.57
 
1610376390
MemFree:          825216 kB
72.16
 
1610376395
MemFree:          825012 kB
65.03
 
1610376400
MemFree:          825024 kB
68.64
 
1610376405
MemFree:          825284 kB
68.97
 
1610376410
MemFree:          825252 kB
76.41
 
1610376415
MemFree:          825296 kB
73.90
 
1610376420
MemFree:          825032 kB
70.50
 
1610376425
MemFree:          825348 kB
68.27
 
1610376431
MemFree:          825244 kB
79.65
 
1610376436
MemFree:          825264 kB
75.30
 
1610376441
MemFree:          824396 kB
68.34
 
1610376446
MemFree:          824440 kB
74.47
 
1610376451
MemFree:          824108 kB
73.44
 
1610376456
MemFree:          824264 kB
65.52
 
1610376461
MemFree:          823980 kB
71.52
 
1610376466
MemFree:          824108 kB
68.83
 
1610376471
MemFree:          824052 kB
76.71
 
1610376476
MemFree:          823952 kB
70.94
 
1610376481
MemFree:          823856 kB
71.31
 
1610376486
MemFree:          823828 kB
78.85
 
1610376491
MemFree:          823840 kB
77.57
 
1610376496
MemFree:          824180 kB
77.45
 
1610376501
MemFree:          824384 kB
64.14
 
1610376506
MemFree:          824324 kB
76.63
 
1610376512
MemFree:          823964 kB
83.68
 
1610376517
MemFree:          824264 kB
75.94
 
1610376522
MemFree:          823448 kB
77.11
 
1610376527
MemFree:          824036 kB
68.94
 
1610376532
MemFree:          823868 kB
76.56
 
1610376537
MemFree:          823792 kB
70.25
 
1610376542
MemFree:          823964 kB
67.33
 
1610376547
MemFree:          823880 kB
78.91
 
1610376552
MemFree:          823500 kB
71.18
 
1610376557
MemFree:          823444 kB
78.13
 
1610376562
MemFree:          823372 kB
79.00
 
1610376568
MemFree:          823516 kB
70.38
 
1610376573
MemFree:          823172 kB
67.72
 
1610376578
MemFree:          823744 kB
78.35
 
1610376583
MemFree:          823360 kB
71.78
 
1610376588
MemFree:          823296 kB
71.62
 
1610376593
MemFree:          823240 kB
74.62
 
1610376598
MemFree:          823076 kB
71.73
 
1610376603
MemFree:          822996 kB
77.65
 
1610376608
MemFree:          823476 kB
71.05
 
1610376613
MemFree:          823416 kB
78.42
 
1610376618
MemFree:          823020 kB
72.84
 
1610376623
MemFree:          822836 kB
82.56
 
1610376628
MemFree:          822892 kB
73.22
 
1610376633
MemFree:          823136 kB
71.86
 
1610376638
MemFree:          822696 kB
76.41
 
1610376643
MemFree:          822648 kB
70.70
 
1610376648
MemFree:          822640 kB
75.82
 
1610376653
MemFree:          822680 kB
81.02
 
1610376658
MemFree:          822928 kB
78.19
 
1610376663
MemFree:          822556 kB
67.82
 
1610376668
MemFree:          822612 kB
73.40
 
1610376674
MemFree:          822784 kB
66.63
 
1610376679
MemFree:          822568 kB
66.77
 
1610376684
MemFree:          822452 kB
71.69
 
1610376689
MemFree:          822552 kB
79.20
 
1610376694
MemFree:          823028 kB
67.50
 
1610376699
MemFree:          822656 kB
66.38
 
1610376704
MemFree:          822708 kB
68.04
 
1610376709
MemFree:          822028 kB
71.15
 
1610376714
MemFree:          822580 kB
80.55
 
1610376719
MemFree:          822440 kB
79.71
 
1610376724
MemFree:          822248 kB
81.32
 
1610376729
MemFree:          822412 kB
86.59
 
1610376734
MemFree:          822420 kB
75.50
 
1610376739
MemFree:          821964 kB
86.06
 
1610376744
MemFree:          822124 kB
76.40
 
1610376749
MemFree:          822632 kB
79.07
 
1610376755
MemFree:          821976 kB
71.04
 
1610376760
MemFree:          821336 kB
70.11
 
1610376765
MemFree:          821788 kB
73.65
 
1610376770
MemFree:          821728 kB
72.27
 
1610376775
MemFree:          821712 kB
77.81
 
1610376780
MemFree:          821660 kB
62.75
 
1610376785
MemFree:          821528 kB
73.75
 
1610376790
MemFree:          821776 kB
67.62
 
1610376795
MemFree:          820904 kB
74.40
 
1610376800
MemFree:          821556 kB
65.71
 
1610376805
MemFree:          821748 kB
71.01
 
1610376810
MemFree:          821128 kB
81.30
 
1610376815
MemFree:          821612 kB
75.93
 
1610376820
MemFree:          821624 kB
77.87
 
1610376825
MemFree:          821660 kB
77.61
 
1610376830
MemFree:          821160 kB
80.55
 
1610376835
MemFree:          821348 kB
69.91
 
1610376840
MemFree:          821392 kB
66.98
 
1610376846
MemFree:          820912 kB
78.73
 
1610376851
MemFree:          821108 kB
72.81
 
1610376856
MemFree:          821204 kB
69.75
 
1610376861
MemFree:          821032 kB
70.09
 
1610376866
MemFree:          820984 kB
75.21
 
1610376871
MemFree:          820492 kB
78.70
 
1610376876
MemFree:          820836 kB
73.82
 
1610376881
MemFree:          820712 kB
68.89
 
1610376886
MemFree:          820848 kB
83.36
 
1610376891
MemFree:          820812 kB
69.16
 
1610376896
MemFree:          820556 kB
79.89
 
1610376901
MemFree:          820124 kB
77.17
 
1610376906
MemFree:          820156 kB
58.52
 
1610376911
MemFree:          819864 kB
65.63
 
1610376916
MemFree:          820032 kB
67.38
 
1610376921
MemFree:          820052 kB
65.81
 
1610376926
MemFree:          820004 kB
67.25
 
1610376931
MemFree:          819900 kB
65.45
 
1610376936
MemFree:          819440 kB
68.78
 
1610376941
MemFree:          819904 kB
65.18
 
1610376946
MemFree:          819832 kB
74.29
 
1610376952
MemFree:          819812 kB
78.93
 
1610376957
MemFree:          819696 kB
72.40
 
1610376962
MemFree:          819604 kB
71.38
 
1610376967
MemFree:          819580 kB
63.05
 
1610376972
MemFree:          819408 kB
66.33
 
1610376977
MemFree:          819052 kB
63.98
 
1610376982
MemFree:          819064 kB
63.27
 
1610376987
MemFree:          819380 kB
71.85
 
1610376992
MemFree:          819440 kB
69.28
 
1610376997
MemFree:          819316 kB
79.19
 
1610377002
MemFree:          819440 kB
71.44
 
1610377007
MemFree:          819384 kB
74.64
 
1610377012
MemFree:          819388 kB
77.81
 
1610377017
MemFree:          819288 kB
75.57
 
1610377022
MemFree:          818776 kB
70.93
 
1610377027
MemFree:          819164 kB
66.58
 
1610377032
MemFree:          819348 kB
68.56
 
1610377038
MemFree:          819004 kB
68.56
 
1610377043
MemFree:          818688 kB
67.73
 
1610377048
MemFree:          819184 kB
73.24
 
1610377053
MemFree:          818672 kB
68.11
 
1610377058
MemFree:          818760 kB
67.10
 
1610377063
MemFree:          819040 kB
71.14
 
1610377068
MemFree:          818788 kB
64.79
 
1610377073
MemFree:          818292 kB
74.07
 
1610377078
MemFree:          818380 kB
62.41
 
1610377083
MemFree:          818292 kB
65.01
 
1610377088
MemFree:          818264 kB
64.71
 
1610377093
MemFree:          818192 kB
67.29
 
1610377098
MemFree:          818168 kB
65.15
 
1610377103
MemFree:          818296 kB
68.43
 
1610377108
MemFree:          818016 kB
62.24
 
1610377113
MemFree:          817672 kB
69.72
 
1610377118
MemFree:          818044 kB
70.73
 
1610377123
MemFree:          817968 kB
68.36
 
1610377128
MemFree:          818172 kB
62.68
 
1610377133
MemFree:          817948 kB
76.39
 
1610377139
MemFree:          818256 kB
70.35
 
1610377144
MemFree:          818120 kB
67.08
 
1610377149
MemFree:          817464 kB
64.58
 
1610377154
MemFree:          817652 kB
69.45
 
1610377159
MemFree:          817832 kB
70.24
 
1610377164
MemFree:          817560 kB
69.13
 
1610377169
MemFree:          817364 kB
67.81
 
1610377174
MemFree:          817456 kB
84.40
 
1610377179
MemFree:          817268 kB
94.04
 
1610377184
MemFree:          817236 kB
73.27
 
1610377189
MemFree:          817276 kB
61.46
 
1610377194
MemFree:          817364 kB
80.39
 
1610377199
MemFree:          817696 kB
75.90
 
1610377204
MemFree:          817652 kB
67.25
 
1610377209
MemFree:          817508 kB
72.37
 
1610377214
MemFree:          817340 kB
71.49
 
1610377219
MemFree:          817240 kB
69.17
 
1610377225
MemFree:          817144 kB
69.48
 
1610377233
MemFree:          817344 kB
71.06
 
1610377238
MemFree:          816824 kB
71.07
 
1610377243
MemFree:          816940 kB
76.65
 
1610377248
MemFree:          817072 kB
68.55
 
1610377253
MemFree:          817024 kB
85.56
 
1610377258
MemFree:          817208 kB
73.33
 
1610377263
MemFree:          816516 kB
74.46
 
1610377268
MemFree:          816836 kB
77.24
 
1610377273
MemFree:          817024 kB
65.91
 
1610377278
MemFree:          816896 kB
72.23
 
1610377283
MemFree:          816680 kB
79.52
 
1610377288
MemFree:          816844 kB
68.76
 
1610377293
MemFree:          816776 kB
71.94
 
1610377298
MemFree:          816712 kB
74.96
 
1610377304
MemFree:          816528 kB
77.06
 
1610377309
MemFree:          816588 kB
70.20
 
1610377314
MemFree:          816148 kB
77.84
 
1610377319
MemFree:          816388 kB
67.45
 
1610377324
MemFree:          816464 kB
73.91
 
1610377329
MemFree:          816408 kB
80.47
 
1610377334
MemFree:          816432 kB
77.12
 
1610377339
MemFree:          816416 kB
72.88
 
1610377344
MemFree:          816292 kB
76.87
 
1610377349
MemFree:          816000 kB
67.74
 
1610377354
MemFree:          816604 kB
65.55
 
1610377359
MemFree:          816596 kB
69.20
 
1610377364
MemFree:          816532 kB
67.66
 
1610377369
MemFree:          816540 kB
76.37
 
1610377374
MemFree:          816512 kB
80.10
 
1610377379
MemFree:          816256 kB
79.24
 
1610377384
MemFree:          816348 kB
77.30
 
1610377389
MemFree:          816472 kB
66.18
 
1610377394
MemFree:          816004 kB
72.94
 
1610377399
MemFree:          816160 kB
80.02
 
1610377405
MemFree:          815924 kB
72.19
 
1610377410
MemFree:          815820 kB
73.68
 
1610377415
MemFree:          815780 kB
78.77
 
1610377420
MemFree:          815608 kB
73.29
 
1610377425
MemFree:          815696 kB
89.52
 
1610377430
MemFree:          815748 kB
82.25
 
1610377435
MemFree:          815824 kB
88.94
 
1610377440
MemFree:          815524 kB
74.45
 
1610377445
MemFree:          815416 kB
75.65
 
1610377450
MemFree:          815544 kB
72.00
 
1610377455
MemFree:          815636 kB
75.24
 
1610377460
MemFree:          815728 kB
77.82
 
1610377465
MemFree:          815456 kB
81.10
 
1610377470
MemFree:          815576 kB
72.17
 
1610377475
MemFree:          815356 kB
71.99
 
1610377480
MemFree:          814924 kB
75.79
 
1610377490
MemFree:          815100 kB
76.06
 
1610377495
MemFree:          815472 kB
71.95
 
1610377500
MemFree:          815320 kB
80.16
 
1610377505
MemFree:          815508 kB
80.58
 
1610377510
MemFree:          815192 kB
74.79
 
1610377515
MemFree:          815200 kB
74.92
 
1610377520
MemFree:          814900 kB
75.00
 
1610377525
MemFree:          814556 kB
77.98
 
1610377530
MemFree:          814940 kB
73.03
 
1610377535
MemFree:          814744 kB
76.28
 
1610377541
MemFree:          814576 kB
78.32
 
1610377546
MemFree:          814672 kB
81.59
 
1610377551
MemFree:          814824 kB
72.86
 
1610377556
MemFree:          814800 kB
72.36
 
1610377561
MemFree:          814360 kB
72.26
 
1610377566
MemFree:          814892 kB
68.02
 
1610377571
MemFree:          814740 kB
77.62
 
1610377576
MemFree:          814404 kB
68.16
 
1610377581
MemFree:          814332 kB
74.30
 
1610377586
MemFree:          814052 kB
70.55
 
1610377591
MemFree:          813712 kB
65.02
 
1610377596
MemFree:          814312 kB
64.11
 
1610377601
MemFree:          813992 kB
68.75
 
1610377606
MemFree:          814188 kB
61.01
 
1610377611
MemFree:          813372 kB
72.20
 
1610377617
MemFree:          813256 kB
73.13
 
1610377622
MemFree:          813372 kB
71.85
 
1610377627
MemFree:          813388 kB
67.12
 
1610377632
MemFree:          813612 kB
80.44
 
1610377637
MemFree:          813380 kB
71.25
 
1610377642
MemFree:          813308 kB
70.85
 
1610377647
MemFree:          813492 kB
68.00
 
1610377652
MemFree:          813192 kB
72.07
 
1610377657
MemFree:          813088 kB
70.08
 
1610377662
MemFree:          813404 kB
69.35
 
1610377667
MemFree:          812940 kB
66.26
 
1610377672
MemFree:          812944 kB
73.84
 
1610377677
MemFree:          813096 kB
73.30
 
1610377682
MemFree:          812876 kB
68.67
 
1610377687
MemFree:          812756 kB
66.35
 
1610377692
MemFree:          812416 kB
71.11
 
1610377697
MemFree:          812772 kB
75.18
 
1610377702
MemFree:          812408 kB
69.55
 
1610377707
MemFree:          812544 kB
71.31
 
1610377712
MemFree:          812308 kB
67.17
 
1610377718
MemFree:          812616 kB
75.09
 
1610377723
MemFree:          812340 kB
60.29
 
1610377728
MemFree:          812168 kB
72.38
 
1610377733
MemFree:          812612 kB
75.40
 
1610377738
MemFree:          812068 kB
70.75
 
1610377743
MemFree:          812048 kB
64.62
 
1610377748
MemFree:          811856 kB
68.69
 
1610377753
MemFree:          811876 kB
69.16
 
1610377758
MemFree:          811680 kB
63.00
 
1610377763
MemFree:          812040 kB
62.99
 
1610377768
MemFree:          812352 kB
73.87
 
1610377773
MemFree:          811788 kB
68.74
 
1610377778
MemFree:          812004 kB
66.90
 
1610377783
MemFree:          811532 kB
64.82
 
1610377788
MemFree:          811644 kB
65.24
 
1610377793
MemFree:          811480 kB
76.05
 
1610377798
MemFree:          811140 kB
69.22
 
1610377803
MemFree:          812052 kB
66.50
 
1610377809
MemFree:          811688 kB
69.94
 
1610377814
MemFree:          811720 kB
70.49
 
1610377819
MemFree:          811148 kB
75.23
 
1610377824
MemFree:          811028 kB
74.45
 
1610377829
MemFree:          811292 kB
65.32
 
1610377834
MemFree:          811148 kB
68.45
 
1610377839
MemFree:          811264 kB
73.16
 
1610377844
MemFree:          811324 kB
79.88
 
1610377850
MemFree:          811180 kB
73.34
 
1610377855
MemFree:          811480 kB
71.53
 
1610377861
MemFree:          811736 kB
70.05
 
1610377866
MemFree:          810860 kB
69.54
 
1610377878
MemFree:          810844 kB
57.91
 
1610377883
MemFree:          810792 kB
55.59
 
1610377892
MemFree:          810884 kB
60.39
 
1610377898
MemFree:          810488 kB
66.41
 
1610377903
MemFree:          810424 kB
69.61
 
1610377908
MemFree:          810372 kB
64.43
 
1610377913
MemFree:          810084 kB
93.89
 
1610377918
MemFree:          810368 kB
99.05
 
1610377923
MemFree:          810300 kB
82.45
 
1610377928
MemFree:          810164 kB
73.75
 
1610377933
MemFree:          810488 kB
73.44
 
1610377938
MemFree:          809824 kB
71.87
 
1610377943
MemFree:          810360 kB
85.64
 
1610377948
MemFree:          810296 kB
78.41
 
1610377953
MemFree:          810316 kB
82.62
 
1610377958
MemFree:          810240 kB
79.44
 
1610377963
MemFree:          809964 kB
68.09
 
1610377968
MemFree:          810032 kB
66.37
 
1610377973
MemFree:          809928 kB
71.92
 
1610377978
MemFree:          809968 kB
78.55
 
1610377983
MemFree:          810312 kB
69.39
 
1610377988
MemFree:          810184 kB
79.84
 
1610377993
MemFree:          809952 kB
65.62
 
1610377998
MemFree:          810116 kB
70.88
 
1610378003
MemFree:          810156 kB
80.69
 
1610378008
MemFree:          810304 kB
79.06
 
1610378014
MemFree:          810068 kB
82.88
 
1610378019
MemFree:          809844 kB
80.93
 
1610378024
MemFree:          810088 kB
64.53
 
1610378029
MemFree:          810104 kB
72.02
 
1610378034
MemFree:          810092 kB
75.43
 
1610378039
MemFree:          810140 kB
76.56
 
1610378044
MemFree:          809980 kB
83.17
 
1610378049
MemFree:          809848 kB
91.66
 
1610378054
MemFree:          809804 kB
88.37
 
1610378059
MemFree:          809828 kB
75.54
 
1610378064
MemFree:          809592 kB
71.93
 
1610378069
MemFree:          809452 kB
69.33
 
1610378074
MemFree:          809464 kB
77.48
 
1610378079
MemFree:          809548 kB
71.59
 
1610378084
MemFree:          809620 kB
73.55
 
1610378089
MemFree:          809588 kB
73.87
 
1610378094
MemFree:          809972 kB
68.28
 
1610378099
MemFree:          809660 kB
75.89
 
1610378104
MemFree:          809488 kB
72.48
 
1610378109
MemFree:          809476 kB
73.69
 
1610378114
MemFree:          809496 kB
74.21
 
1610378119
MemFree:          809308 kB
78.75
 
1610378124
MemFree:          809172 kB
75.55
 
1610378130
MemFree:          809220 kB
77.70
 
1610378135
MemFree:          809040 kB
78.82
 
1610378140
MemFree:          808960 kB
65.48
 
1610378145
MemFree:          808840 kB
61.07
 
1610378150
MemFree:          808628 kB
65.30
 
1610378155
MemFree:          808792 kB
75.74
 
1610378160
MemFree:          808820 kB
70.28
 
1610378165
MemFree:          808384 kB
73.01
 
1610378170
MemFree:          808504 kB
72.15
 
1610378175
MemFree:          808944 kB
67.10
 
1610378180
MemFree:          808732 kB
68.78
 
1610378185
MemFree:          808628 kB
72.36
 
1610378190
MemFree:          809040 kB
80.69
 
1610378195
MemFree:          808512 kB
68.44
 
1610378200
MemFree:          808756 kB
80.07
 
1610378205
MemFree:          809160 kB
69.22
 
1610378210
MemFree:          809252 kB
82.70
 
1610378215
MemFree:          808872 kB
60.10
 
1610378220
MemFree:          808844 kB
75.16
 
1610378225
MemFree:          808280 kB
69.52
 
1610378230
MemFree:          808652 kB
67.25
 
1610378235
MemFree:          808264 kB
71.18
 
1610378241
MemFree:          807912 kB
77.72
 
1610378246
MemFree:          808136 kB
58.96
 
1610378251
MemFree:          807876 kB
69.86
 
1610378256
MemFree:          808044 kB
68.63
 
1610378261
MemFree:          807980 kB
73.18
 
1610378266
MemFree:          808128 kB
63.99
 
1610378271
MemFree:          808480 kB
70.73
 
1610378276
MemFree:          807656 kB
73.85
 
1610378281
MemFree:          808224 kB
73.88
 
1610378286
MemFree:          807976 kB
70.74
 
1610378291
MemFree:          808072 kB
67.49
 
1610378296
MemFree:          807956 kB
74.29
 
1610378301
MemFree:          807588 kB
80.24
 
1610378306
MemFree:          807920 kB
81.13
 
1610378311
MemFree:          807608 kB
71.82
 
1610378316
MemFree:          807576 kB
70.56
 
1610378321
MemFree:          807216 kB
65.73
 
1610378326
MemFree:          807376 kB
77.16
 
1610378331
MemFree:          807632 kB
76.25
 
1610378336
MemFree:          807196 kB
78.30
 
1610378341
MemFree:          807668 kB
72.31
 
1610378346
MemFree:          807484 kB
73.98
 
1610378352
MemFree:          807508 kB
75.29
 
1610378357
MemFree:          807204 kB
82.09
 
1610378362
MemFree:          807332 kB
75.14
 
1610378367
MemFree:          807080 kB
75.82
 
1610378372
MemFree:          807072 kB
69.08
 
1610378377
MemFree:          807236 kB
72.83
 
1610378382
MemFree:          807360 kB
74.65
 
1610378387
MemFree:          806808 kB
67.29
 
1610378392
MemFree:          807020 kB
75.33
 
1610378397
MemFree:          807060 kB
79.00
 
1610378402
MemFree:          807048 kB
82.82
 
1610378407
MemFree:          806800 kB
82.18
 
1610378412
MemFree:          807080 kB
69.66
 
1610378417
MemFree:          807112 kB
76.63
 
1610378422
MemFree:          806652 kB
69.87
 
1610378427
MemFree:          806396 kB
70.18
 
1610378432
MemFree:          806520 kB
77.92
 
1610378437
MemFree:          806304 kB
75.74
 
1610378442
MemFree:          806396 kB
72.35
 
1610378447
MemFree:          806324 kB
69.87
 
1610378452
MemFree:          806448 kB
84.17
 
1610378457
MemFree:          806960 kB
99.85
 
1610378462
MemFree:          806712 kB
99.85