MemTotal:       196654040 kB

------

1606887553
MemFree:        194371244 kB
99.99
 
1606887558
MemFree:        194371580 kB
99.99
 
1606887563
MemFree:        194371508 kB
99.99
 
1606887568
MemFree:        194371420 kB
99.99
 
1606887573
MemFree:        194370616 kB
99.88
 
1606887578
MemFree:        194367760 kB
99.99
 
1606887583
MemFree:        194367448 kB
99.98
 
1606887588
MemFree:        194367944 kB
99.99
 
1606887593
MemFree:        194367620 kB
99.99
 
1606887598
MemFree:        194367304 kB
99.98
 
1606887603
MemFree:        194367020 kB
99.99
 
1606887608
MemFree:        194366980 kB
99.98
 
1606887613
MemFree:        194367400 kB
99.99
 
1606887618
MemFree:        194367384 kB
99.77
 
1606887623
MemFree:        194366644 kB
99.98
 
1606887628
MemFree:        194367320 kB
99.99
 
1606887633
MemFree:        194367012 kB
99.99
 
1606887638
MemFree:        194366680 kB
99.99
 
1606887643
MemFree:        194366516 kB
100.00
 
1606887648
MemFree:        194366516 kB
99.99
 
1606887653
MemFree:        194367920 kB
99.99
 
1606887658
MemFree:        194366612 kB
99.99
 
1606887663
MemFree:        194367368 kB
99.81
 
1606887668
MemFree:        194366736 kB
99.97
 
1606887673
MemFree:        194367908 kB
99.99
 
1606887678
MemFree:        194368120 kB
99.99
 
1606887683
MemFree:        194367592 kB
99.99
 
1606887688
MemFree:        194366860 kB
99.99
 
1606887693
MemFree:        194367372 kB
99.99
 
1606887698
MemFree:        194368348 kB
100.00
 
1606887703
MemFree:        194367976 kB
99.99
 
1606887708
MemFree:        194368440 kB
99.82
 
1606887713
MemFree:        194369040 kB
99.98
 
1606887718
MemFree:        194368356 kB
99.97
 
1606887723
MemFree:        194367876 kB
99.99
 
1606887728
MemFree:        194367316 kB
99.95
 
1606887733
MemFree:        194367324 kB
99.99
 
1606887738
MemFree:        194366464 kB
100.00
 
1606887743
MemFree:        194366432 kB
99.98
 
1606887748
MemFree:        194366128 kB
100.00
 
1606887753
MemFree:        194365796 kB
99.89
 
1606887758
MemFree:        194371112 kB
100.00
 
1606887763
MemFree:        194371924 kB
99.98
 
1606887768
MemFree:        194371672 kB
99.99
 
1606887773
MemFree:        194371884 kB
100.00
 
1606887778
MemFree:        194372240 kB
100.00
 
1606887783
MemFree:        194371988 kB
99.99
 
1606887788
MemFree:        194371452 kB
99.99
 
1606887794
MemFree:        194373208 kB
99.99
 
1606887799
MemFree:        194372356 kB
100.00
 
1606887804
MemFree:        194372308 kB
99.99
 
1606887809
MemFree:        194372520 kB
99.99
 
1606887814
MemFree:        194372212 kB
100.00
 
1606887819
MemFree:        194372820 kB
99.99
 
1606887824
MemFree:        194372056 kB
99.99
 
1606887829
MemFree:        194372820 kB
99.99
 
1606887834
MemFree:        194372748 kB
99.99
 
1606887839
MemFree:        194371920 kB
99.99
 
1606887844
MemFree:        194372660 kB
99.99
 
1606887849
MemFree:        194372872 kB
99.98
 
1606887854
MemFree:        194372060 kB
100.00
 
1606887859
MemFree:        194371988 kB
99.99
 
1606887864
MemFree:        194371956 kB
99.99
 
1606887869
MemFree:        194372852 kB
100.00
 
1606887874
MemFree:        194372324 kB
99.98
 
1606887879
MemFree:        194372804 kB
99.99
 
1606887884
MemFree:        194371716 kB
100.00
 
1606887889
MemFree:        194372196 kB
99.99
 
1606887894
MemFree:        194371872 kB
99.99
 
1606887899
MemFree:        194372384 kB
99.98
 
1606887904
MemFree:        194371996 kB
99.98
 
1606887909
MemFree:        194371484 kB
99.99
 
1606887914
MemFree:        194372132 kB
99.99
 
1606887919
MemFree:        194371580 kB
99.99
 
1606887924
MemFree:        194372060 kB
100.00
 
1606887929
MemFree:        194371736 kB
99.99
 
1606887934
MemFree:        194371964 kB
99.99
 
1606887939
MemFree:        194371604 kB
99.99
 
1606887944
MemFree:        194371856 kB
99.99
 
1606887949
MemFree:        194372036 kB
100.00
 
1606887954
MemFree:        194371928 kB
99.99
 
1606887959
MemFree:        194372332 kB
99.99
 
1606887964
MemFree:        194372348 kB
100.00
 
1606887969
MemFree:        194372324 kB
99.98
 
1606887974
MemFree:        194372528 kB
99.99
 
1606887979
MemFree:        194372404 kB
100.00
 
1606887984
MemFree:        194371600 kB
99.99
 
1606887989
MemFree:        194372760 kB
99.99
 
1606887994
MemFree:        194371980 kB
99.98
 
1606887999
MemFree:        194371636 kB
99.99
 
1606888004
MemFree:        194371832 kB
100.00
 
1606888009
MemFree:        194371516 kB
99.99
 
1606888014
MemFree:        194371264 kB
99.99
 
1606888019
MemFree:        194371484 kB
99.99
 
1606888024
MemFree:        194371548 kB
99.97
 
1606888029
MemFree:        194370608 kB
99.99
 
1606888034
MemFree:        194370616 kB
99.99
 
1606888039
MemFree:        194370788 kB
99.99
 
1606888044
MemFree:        194371528 kB
100.00
 
1606888049
MemFree:        194370936 kB
99.96
 
