MemTotal:       196654040 kB

------

1610366543
MemFree:        181065864 kB
99.85
 
1610366548
MemFree:        181065384 kB
99.75
 
1610366553
MemFree:        181065620 kB
98.53
 
1610366558
MemFree:        181064708 kB
98.33
 
1610366563
MemFree:        181065032 kB
97.79
 
1610366568
MemFree:        181065536 kB
98.60
 
1610366573
MemFree:        181063548 kB
98.26
 
1610366578
MemFree:        181064360 kB
97.70
 
1610366583
MemFree:        181062736 kB
98.57
 
1610366588
MemFree:        181063224 kB
97.67
 
1610366593
MemFree:        181061616 kB
97.82
 
1610366598
MemFree:        181061088 kB
98.60
 
1610366603
MemFree:        181060900 kB
98.28
 
1610366608
MemFree:        181061404 kB
97.80
 
1610366613
MemFree:        181060340 kB
98.22
 
1610366618
MemFree:        181059956 kB
98.34
 
1610366623
MemFree:        181059972 kB
98.45
 
1610366628
MemFree:        181058648 kB
98.44
 
1610366633
MemFree:        181058324 kB
98.27
 
1610366638
MemFree:        181058828 kB
98.00
 
1610366643
MemFree:        181057432 kB
98.43
 
1610366648
MemFree:        181057640 kB
98.70
 
1610366653
MemFree:        181057860 kB
98.10
 
1610366658
MemFree:        181058232 kB
98.02
 
1610366663
MemFree:        181057232 kB
99.14
 
1610366668
MemFree:        181057728 kB
99.06
 
1610366673
MemFree:        181057216 kB
98.16
 
1610366678
MemFree:        181057660 kB
97.35
 
1610366683
MemFree:        181043908 kB
96.66
 
1610366688
MemFree:        181009092 kB
97.26
 
1610366693
MemFree:        181008736 kB
97.02
 
1610366698
MemFree:        181008528 kB
96.31
 
1610366703
MemFree:        181008232 kB
97.11
 
1610366708
MemFree:        186670756 kB
99.25
 
1610366713
MemFree:        186674892 kB
99.92
 
1610366718
MemFree:        186674324 kB
99.84
 
1610366723
MemFree:        186674356 kB
99.90
 
1610366728
MemFree:        186673836 kB
99.89
 
1610366733
MemFree:        186673308 kB
99.88
 
1610366738
MemFree:        186673072 kB
99.65
 
1610366743
MemFree:        186673104 kB
99.88
 
1610366748
MemFree:        186673064 kB
99.70
 
1610366753
MemFree:        186667360 kB
99.87
 
1610366758
MemFree:        186666652 kB
99.49
 
1610366763
MemFree:        186664300 kB
99.87
 
1610366768
MemFree:        186664276 kB
99.89
 
1610366773
MemFree:        186663944 kB
99.86
 
1610366778
MemFree:        186663944 kB
99.88
 
1610366783
MemFree:        186663748 kB
99.87
 
1610366788
MemFree:        186663748 kB
99.90
 
1610366793
MemFree:        186663504 kB
99.46
 
1610366798
MemFree:        186664052 kB
99.62
 
1610366803
MemFree:        186663492 kB
99.86
 
1610366809
MemFree:        186662664 kB
99.89
 
1610366814
MemFree:        186662104 kB
99.89
 
1610366819
MemFree:        186662404 kB
99.52
 
1610366824
MemFree:        186661372 kB
99.83
 
1610366829
MemFree:        186661420 kB
99.85
 
1610366834
MemFree:        186661704 kB
99.91
 
1610366839
MemFree:        186662304 kB
99.53
 
1610366844
MemFree:        186663588 kB
99.90