MemTotal:       196654040 kB

------

1610366546
MemFree:        163615824 kB
98.30
 
1610366551
MemFree:        163615304 kB
98.09
 
1610366556
MemFree:        163573212 kB
98.74
 
1610366561
MemFree:        163573840 kB
98.65
 
1610366566
MemFree:        163574840 kB
98.65
 
1610366571
MemFree:        163572076 kB
98.70
 
1610366576
MemFree:        163570944 kB
98.69
 
1610366581
MemFree:        163570056 kB
97.93
 
1610366586
MemFree:        163569332 kB
98.79
 
1610366591
MemFree:        163569268 kB
98.72
 
1610366596
MemFree:        163568040 kB
98.64
 
1610366601
MemFree:        163568544 kB
98.50
 
1610366606
MemFree:        163568048 kB
98.52
 
1610366611
MemFree:        163566756 kB
98.53
 
1610366616
MemFree:        163566772 kB
98.83
 
1610366621
MemFree:        163566156 kB
98.56
 
1610366626
MemFree:        163565384 kB
98.33
 
1610366631
MemFree:        163565588 kB
98.61
 
1610366636
MemFree:        163565416 kB
98.64
 
1610366641
MemFree:        163565336 kB
97.84
 
1610366646
MemFree:        163564700 kB
98.78
 
1610366651
MemFree:        163563676 kB
98.81
 
1610366656
MemFree:        163563156 kB
98.84
 
1610366661
MemFree:        163562856 kB
98.57
 
1610366666
MemFree:        163562460 kB
98.40
 
1610366671
MemFree:        163562696 kB
96.12
 
1610366676
MemFree:        163533332 kB
95.42
 
1610366681
MemFree:        162592528 kB
96.22
 
1610366687
MemFree:        162601512 kB
96.40
 
1610366692
MemFree:        162423852 kB
96.72
 
1610366697
MemFree:        162317500 kB
96.65
 
1610366702
MemFree:        162210644 kB
95.55
 
1610366707
MemFree:        159004396 kB
95.88
 
1610366712
MemFree:        157921448 kB
96.92
 
1610366717
MemFree:        157917280 kB
97.92
 
1610366722
MemFree:        157916556 kB
97.80
 
1610366727
MemFree:        157915960 kB
97.68
 
1610366732
MemFree:        157914984 kB
97.36
 
1610366737
MemFree:        157912088 kB
97.85
 
1610366742
MemFree:        157911828 kB
98.12
 
1610366747
MemFree:        157910348 kB
96.85
 
1610366752
MemFree:        157909284 kB
97.30
 
1610366757
MemFree:        157906320 kB
96.82
 
1610366762
MemFree:        157904768 kB
96.96
 
1610366767
MemFree:        157904784 kB
94.77
 
1610366772
MemFree:        157903256 kB
97.56
 
1610366777
MemFree:        157904248 kB
97.10
 
1610366782
MemFree:        157904200 kB
96.22
 
1610366787
MemFree:        157904288 kB
97.29
 
1610366792
MemFree:        157903876 kB
97.36
 
1610366797
MemFree:        157903308 kB
96.92
 
1610366802
MemFree:        157901784 kB
96.72
 
1610366807
MemFree:        157897576 kB
96.77
 
1610366812
MemFree:        157897584 kB
95.78
 
1610366817
MemFree:        157897260 kB
96.87
 
1610366822
MemFree:        157896772 kB
96.67
 
1610366827
MemFree:        157895208 kB
96.60
 
1610366832
MemFree:        157936324 kB
97.80