MemTotal:       175373488 kB

------

1610366535
MemFree:        173939512 kB
99.94
 
1610366540
MemFree:        173936624 kB
99.96
 
1610366545
MemFree:        173937684 kB
99.97
 
1610366550
MemFree:        173937528 kB
99.59
 
1610366555
MemFree:        173937744 kB
98.56
 
1610366560
MemFree:        173937432 kB
98.60
 
1610366565
MemFree:        173936032 kB
98.19
 
1610366570
MemFree:        173937020 kB
98.76
 
1610366576
MemFree:        173936936 kB
98.76
 
1610366581
MemFree:        173934564 kB
99.00
 
1610366586
MemFree:        173934804 kB
97.98
 
1610366591
MemFree:        173936432 kB
98.64
 
1610366596
MemFree:        173934836 kB
98.75
 
1610366601
MemFree:        173936304 kB
98.30
 
1610366606
MemFree:        173935224 kB
98.38
 
1610366611
MemFree:        173936248 kB
98.71
 
1610366616
MemFree:        173935476 kB
98.84
 
1610366621
MemFree:        173935252 kB
98.48
 
1610366626
MemFree:        173934784 kB
98.88
 
1610366631
MemFree:        173935892 kB
98.54
 
1610366636
MemFree:        173935392 kB
98.97
 
1610366641
MemFree:        173935104 kB
98.80
 
1610366646
MemFree:        173936848 kB
98.83
 
1610366651
MemFree:        173938044 kB
98.81
 
1610366656
MemFree:        173934856 kB
98.39
 
1610366661
MemFree:        173936048 kB
98.71
 
1610366666
MemFree:        173936900 kB
99.48
 
1610366671
MemFree:        173937764 kB
98.96
 
1610366676
MemFree:        173938580 kB
99.08
 
1610366681
MemFree:        173937304 kB
99.36
 
1610366686
MemFree:        173936408 kB
99.40
 
1610366691
MemFree:        173935496 kB
99.40
 
1610366696
MemFree:        173934560 kB
99.04
 
1610366701
MemFree:        173935216 kB
99.20
 
1610366706
MemFree:        173935300 kB
99.42
 
1610366711
MemFree:        173934560 kB
98.90
 
1610366716
MemFree:        173934636 kB
98.87
 
1610366721
MemFree:        173933260 kB
99.19
 
1610366726
MemFree:        173934432 kB
99.05
 
1610366731
MemFree:        173933612 kB
98.92
 
1610366736
MemFree:        173933584 kB
99.20
 
1610366741
MemFree:        173933584 kB
99.26
 
1610366746
MemFree:        173933032 kB
98.88
 
1610366751
MemFree:        173932652 kB
98.81
 
1610366756
MemFree:        173932036 kB
98.46
 
1610366761
MemFree:        173933056 kB
98.97
 
1610366766
MemFree:        173933480 kB
97.29
 
1610366771
MemFree:        173932660 kB
98.77
 
1610366776
MemFree:        173932404 kB
98.46
 
1610366781
MemFree:        173933016 kB
97.48
 
1610366786
MemFree:        173933628 kB
98.36
 
1610366791
MemFree:        173933244 kB
99.14
 
1610366797
MemFree:        173932644 kB
98.89
 
1610366802
MemFree:        173932468 kB
98.18
 
1610366807
MemFree:        173933376 kB
98.73
 
1610366812
MemFree:        173934672 kB
97.48
 
1610366817
MemFree:        173933280 kB
98.43
 
1610366822
MemFree:        173933788 kB
98.72
 
1610366827
MemFree:        173933448 kB
98.79
 
1610366832
MemFree:        173934104 kB
99.08
 
1610366837
MemFree:        173933872 kB
99.97
 
1610366842
MemFree:        173933304 kB
99.97
 
1610366847
MemFree:        173933196 kB
99.98
 
1610366852
MemFree:        173932892 kB
99.98
 
1610366857
MemFree:        173933620 kB
99.98
 
1610366862
MemFree:        173933416 kB
99.97
 
1610366867
MemFree:        173932700 kB
99.96