MemTotal:       196654040 kB

------

1610359877
MemFree:        186832692 kB
99.87
 
1610359882
MemFree:        186832380 kB
99.86
 
1610359887
MemFree:        186832696 kB
99.91
 
1610359892
MemFree:        186832436 kB
99.91
 
1610359897
MemFree:        186832176 kB
99.83
 
1610359902
MemFree:        186831404 kB
99.88
 
1610359907
MemFree:        186832184 kB
99.56
 
1610359912
MemFree:        186831544 kB
99.90
 
1610359917
MemFree:        186831536 kB
99.87
 
1610359922
MemFree:        186830820 kB
99.88
 
1610359927
MemFree:        186830356 kB
99.87
 
1610359932
MemFree:        186830892 kB
99.92
 
1610359937
MemFree:        186830088 kB
99.90
 
1610359942
MemFree:        186829780 kB
99.89
 
1610359947
MemFree:        186830024 kB
99.88
 
1610359952
MemFree:        186829936 kB
99.87
 
1610359957
MemFree:        186829936 kB
99.82
 
1610359962
MemFree:        186829880 kB
99.89
 
1610359967
MemFree:        186829044 kB
99.88
 
1610359972
MemFree:        186829784 kB
99.64
 
1610359977
MemFree:        186829260 kB
99.54
 
1610359982
MemFree:        186830300 kB
99.90
 
1610359987
MemFree:        186830812 kB
99.65
 
1610359992
MemFree:        186827368 kB
99.88
 
1610359997
MemFree:        186826848 kB
99.88
 
1610360002
MemFree:        186826896 kB
99.89
 
1610360007
MemFree:        186826660 kB
99.85
 
1610360012
MemFree:        186827164 kB
99.89
 
1610360017
MemFree:        186826984 kB
99.80
 
1610360022
MemFree:        186826740 kB
99.89
 
1610360027
MemFree:        186826764 kB
99.84
 
1610360032
MemFree:        186826212 kB
99.22
 
1610360037
MemFree:        186826380 kB
99.51
 
1610360042
MemFree:        186823144 kB
99.81
 
1610360047
MemFree:        186823020 kB
99.88
 
1610360052
MemFree:        186823688 kB
99.92
 
1610360057
MemFree:        186823444 kB
99.86
 
1610360062
MemFree:        186823680 kB
99.88
 
1610360068
MemFree:        186823468 kB
99.90
 
1610360073
MemFree:        186823468 kB
99.91
 
1610360079
MemFree:        186820884 kB
96.70
 
1610360084
MemFree:        182905544 kB
96.52
 
1610360089
MemFree:        182551764 kB
94.51
 
1610360094
MemFree:        182403108 kB
95.87
 
1610360099
MemFree:        182137032 kB
99.37
 
1610360104
MemFree:        182136008 kB
99.83
 
1610360109
MemFree:        182136040 kB
99.85
 
1610360114
MemFree:        182136276 kB
99.48
 
1610360119
MemFree:        182129084 kB
99.66
 
1610360124
MemFree:        182122464 kB
99.30
 
1610360129
MemFree:        182119236 kB
99.84
 
1610360135
MemFree:        182119196 kB
99.85
 
1610360140
MemFree:        182119204 kB
99.74
 
1610360145
MemFree:        182118552 kB
99.86
 
1610360150
MemFree:        182118324 kB
99.82
 
1610360155
MemFree:        182117780 kB
99.52
 
1610360160
MemFree:        182117960 kB
99.46
 
1610360165
MemFree:        182113960 kB
99.68
 
1610360170
MemFree:        182112920 kB
99.61
 
1610360175
MemFree:        182117876 kB
99.81
 
1610360180
MemFree:        182116884 kB
96.27
 
1610360185
MemFree:        181739232 kB
99.62
 
1610360190
MemFree:        181739176 kB
99.81
 
1610360195
MemFree:        181737908 kB
99.85
 
1610360200
MemFree:        181737136 kB
99.85
 
1610360205
MemFree:        181736600 kB
99.67
 
1610360210
MemFree:        181736332 kB
99.84
 
1610360215
MemFree:        181735512 kB
99.52
 
1610360220
MemFree:        181735684 kB
99.49
 
1610360225
MemFree:        181732492 kB
99.83
 
1610360230
MemFree:        181731924 kB
99.84
 
1610360235
MemFree:        181732752 kB
99.83
 
1610360240
MemFree:        181732572 kB
99.82
 
1610360245
MemFree:        181732320 kB
99.70
 
1610360250
MemFree:        181732336 kB
99.56
 
1610360255
MemFree:        181731808 kB
99.76
 
1610360260
MemFree:        181731800 kB
99.80
 
1610360265
MemFree:        181731232 kB
99.83
 
1610360270
MemFree:        181731728 kB
99.83
 
1610360275
MemFree:        181730592 kB
99.53
 
1610360280
MemFree:        181732772 kB
98.29
 
1610360285
MemFree:        181705596 kB
97.80
 
1610360290
MemFree:        181705068 kB
98.02
 
1610360295
MemFree:        181702688 kB
97.64
 
1610360300
MemFree:        181702624 kB
98.32
 
1610360305
MemFree:        181702152 kB
97.88
 
1610360310
MemFree:        181701916 kB
98.74
 
1610360315
MemFree:        181701096 kB
98.92
 
1610360320
MemFree:        181701032 kB
98.60
 
1610360325
MemFree:        181701672 kB
98.66
 
1610360330
MemFree:        181700868 kB
98.65
 
1610360335
MemFree:        181700200 kB
98.05
 
1610360340
MemFree:        181701316 kB
97.74
 
1610360345
MemFree:        181700008 kB
97.99
 
1610360350
MemFree:        181699472 kB
98.24
 
1610360355
MemFree:        181699112 kB
98.80
 
1610360360
MemFree:        181699332 kB
97.32
 
1610360365
MemFree:        181699356 kB
98.57
 
1610360370
MemFree:        181698728 kB
97.60
 
1610360375
MemFree:        181698948 kB
99.12
 
1610360380
MemFree:        181699224 kB
98.44
 
1610360385
MemFree:        181698932 kB
98.97
 
1610360391
MemFree:        181699140 kB
98.12
 
1610360396
MemFree:        181666568 kB
95.47
 
1610360401
MemFree:        181531336 kB
97.21
 
1610360406
MemFree:        181495252 kB
98.72
 
1610360411
MemFree:        181494716 kB
98.61
 
1610360416
MemFree:        181494740 kB
98.25
 
1610360421
MemFree:        181494344 kB
98.02
 
1610360426
MemFree:        181494004 kB
97.96
 
1610360431
MemFree:        181493708 kB
98.97
 
1610360436
MemFree:        181493700 kB
98.58
 
1610360441
MemFree:        181493684 kB
97.68
 
1610360446
MemFree:        181494936 kB
97.88
 
1610360451
MemFree:        181494692 kB
96.82
 
1610360456
MemFree:        181494684 kB
97.66
 
1610360461
MemFree:        181489824 kB
97.17
 
1610360466
MemFree:        181493224 kB
97.45
 
1610360471
MemFree:        181493216 kB
98.32
 
1610360476
MemFree:        181489484 kB
98.72
 
