MemTotal:       175373488 kB

------

1610360095
MemFree:        174751548 kB
97.78
 
1610360100
MemFree:        174615372 kB
99.93
 
1610360105
MemFree:        174627528 kB
99.97
 
1610360110
MemFree:        174629448 kB
99.99
 
1610360115
MemFree:        174630240 kB
99.42
 
1610360120
MemFree:        174601300 kB
99.99
 
1610360125
MemFree:        174600980 kB
99.94
 
1610360130
MemFree:        174600316 kB
99.99
 
1610360135
MemFree:        174600260 kB
100.00
 
1610360140
MemFree:        174600576 kB
99.98
 
1610360145
MemFree:        174600092 kB
100.00
 
1610360150
MemFree:        174600556 kB
99.99
 
1610360155
MemFree:        174599584 kB
99.98
 
1610360160
MemFree:        174599664 kB
99.99
 
1610360165
MemFree:        174599576 kB
99.99
 
1610360170
MemFree:        174599496 kB
99.98
 
1610360175
MemFree:        174599192 kB
99.99
 
1610360180
MemFree:        174598080 kB
96.65
 
1610360185
MemFree:        174244388 kB
99.79
 
1610360190
MemFree:        174242668 kB
99.98
 
1610360195
MemFree:        174242332 kB
99.99
 
1610360200
MemFree:        174241304 kB
99.99
 
1610360205
MemFree:        174240744 kB
99.83
 
1610360210
MemFree:        174222640 kB
100.00
 
1610360215
MemFree:        174222492 kB
99.98
 
1610360220
MemFree:        174222072 kB
99.98
 
1610360225
MemFree:        174221492 kB
99.99
 
1610360230
MemFree:        174221444 kB
99.99
 
1610360236
MemFree:        174222156 kB
99.98
 
1610360241
MemFree:        174234708 kB
99.99
 
1610360246
MemFree:        174234628 kB
99.83
 
1610360251
MemFree:        174230552 kB
99.87
 
1610360256
MemFree:        174230824 kB
99.98
 
1610360261
MemFree:        174230348 kB
99.98
 
1610360266
MemFree:        174230904 kB
100.00
 
1610360271
MemFree:        174230764 kB
99.98
 
1610360276
MemFree:        174230368 kB
99.99
 
1610360281
MemFree:        174230824 kB
98.74
 
1610360286
MemFree:        174170404 kB
98.59
 
1610360291
MemFree:        174169072 kB
98.38
 
1610360296
MemFree:        174168024 kB
98.16
 
1610360301
MemFree:        174166660 kB
98.73
 
1610360306
MemFree:        174168940 kB
98.22
 
1610360311
MemFree:        174167976 kB
98.97
 
1610360316
MemFree:        174167792 kB
98.99
 
1610360321
MemFree:        174166356 kB
98.84
 
1610360326
MemFree:        174166872 kB
99.00
 
1610360331
MemFree:        174169680 kB
98.87
 
1610360336
MemFree:        174168384 kB
98.56
 
1610360341
MemFree:        174168212 kB
98.51
 
1610360346
MemFree:        174167532 kB
98.30
 
1610360351
MemFree:        174168012 kB
98.43
 
1610360356
MemFree:        174169068 kB
99.12
 
1610360361
MemFree:        174167496 kB
97.96
 
1610360366
MemFree:        174166912 kB
98.93
 
1610360371
MemFree:        174167384 kB
98.26
 
1610360376
MemFree:        174167768 kB
99.04
 
1610360381
MemFree:        174168692 kB
99.04
 
1610360386
MemFree:        174167332 kB
99.33
 
1610360391
MemFree:        174166544 kB
98.05
 
1610360396
MemFree:        174137076 kB
96.81
 
1610360401
MemFree:        173991228 kB
98.34
 
1610360406
MemFree:        173974904 kB
98.98
 
1610360411
MemFree:        173976900 kB
99.01
 
1610360416
MemFree:        173975008 kB
98.41
 
1610360421
MemFree:        173973668 kB
98.39
 
1610360426
MemFree:        173975508 kB
98.50
 
1610360431
MemFree:        173974940 kB
99.27
 
1610360436
MemFree:        173975860 kB
98.64
 
1610360441
MemFree:        173975020 kB
98.21
 
1610360446
MemFree:        173973424 kB
98.35
 
1610360451
MemFree:        173974356 kB
97.12
 
1610360456
MemFree:        173974304 kB
98.31
 
1610360461
MemFree:        173974052 kB
98.27
 
1610360466
MemFree:        173973508 kB
97.90
 
1610360471
MemFree:        173973544 kB
98.87
 
1610360476
MemFree:        173974604 kB
99.04
 
1610360481
MemFree:        173973508 kB
99.28
 
1610360486
MemFree:        173972260 kB
99.41
 
1610360491
MemFree:        173972996 kB
99.98
 
1610360496
MemFree:        173974100 kB
99.99
 
1610360501
MemFree:        173974368 kB
99.99
 
1610360506
MemFree:        173973816 kB
99.99
 
1610360512
MemFree:        173973388 kB
99.99
 
1610360517
MemFree:        173973992 kB
100.00
 
1610360522
MemFree:        173974060 kB
99.99
 
1610360527
MemFree:        173973196 kB
99.99
 
1610360532
MemFree:        173973420 kB
100.00
 
1610360537
MemFree:        173972628 kB
99.99
 
1610360542
MemFree:        173972572 kB
100.00
 
1610360547
MemFree:        173973640 kB
99.99
 
1610360552
MemFree:        173972916 kB
99.99
 
1610360557
MemFree:        173972884 kB
100.00
 
1610360562
MemFree:        173971976 kB
99.99
 
1610360567
MemFree:        173971548 kB
100.00
 
1610360572
MemFree:        173973068 kB
99.99
 
1610360577
MemFree:        173972732 kB
99.99
 
1610360582
MemFree:        173973436 kB
100.00
 
1610360587
MemFree:        173972620 kB
99.99
 
1610360592
MemFree:        173972696 kB
99.99
 
1610360597
MemFree:        173973292 kB
99.99
 
1610360602
MemFree:        173972700 kB
99.99
 
1610360607
MemFree:        173972164 kB
99.99
 
1610360612
MemFree:        173971192 kB
99.99
 
1610360617
MemFree:        173972976 kB
100.00
 
1610360622
MemFree:        173972968 kB
99.99
 
1610360627
MemFree:        173972748 kB
99.98
 
1610360632
MemFree:        173973144 kB
99.99
 
1610360637
MemFree:        173972396 kB
99.99
 
1610360642
MemFree:        173973264 kB
