MemTotal:       196654040 kB

------

1606909793
MemFree:        175116684 kB
98.87
 
1606909798
MemFree:        175115612 kB
98.89
 
1606909803
MemFree:        175114124 kB
99.04
 
1606909808
MemFree:        175113596 kB
98.46
 
1606909813
MemFree:        175113676 kB
98.86
 
1606909818
MemFree:        175113796 kB
98.45
 
1606909823
MemFree:        175112500 kB
98.37
 
1606909828
MemFree:        175112276 kB
98.78
 
1606909833
MemFree:        175111804 kB
99.11
 
1606909838
MemFree:        175110456 kB
98.86
 
1606909843
MemFree:        175110368 kB
98.77
 
1606909848
MemFree:        175104192 kB
98.86
 
1606909853
MemFree:        175102932 kB
99.08
 
1606909858
MemFree:        175101640 kB
98.74
 
1606909863
MemFree:        175102820 kB
99.08
 
1606909868
MemFree:        175101780 kB
98.46
 
1606909873
MemFree:        175101244 kB
98.88
 
1606909878
MemFree:        175100368 kB
98.34
 
1606909883
MemFree:        175099632 kB
98.66
 
1606909888
MemFree:        175099228 kB
98.06
 
1606909893
MemFree:        175098624 kB
98.98
 
1606909898
MemFree:        175098496 kB
98.83
 
1606909903
MemFree:        175098160 kB
98.86
 
1606909908
MemFree:        175098144 kB
98.89
 
1606909913
MemFree:        175097020 kB
99.06
 
1606909918
MemFree:        175096208 kB
98.87
 
1606909923
MemFree:        175095364 kB
99.06
 
1606909928
MemFree:        175095112 kB
98.91
 
1606909933
MemFree:        175095048 kB
97.50
 
1606909938
MemFree:        175090964 kB
98.32
 
1606909943
MemFree:        175088716 kB
98.94
 
1606909948
MemFree:        175089072 kB
98.00
 
1606909953
MemFree:        175088256 kB
99.06
 
1606909958
MemFree:        175087036 kB
98.88
 
1606909963
MemFree:        175086808 kB
98.73
 
1606909968
MemFree:        175087524 kB
98.77
 
1606909973
MemFree:        175087468 kB
98.89
 
1606909978
MemFree:        175086632 kB
98.53
 
1606909983
MemFree:        175088180 kB
99.05
 
1606909989
MemFree:        175087752 kB
98.65
 
1606909996
MemFree:        175082888 kB
95.05
 
1606910001
MemFree:        174104488 kB
96.44
 
1606910006
MemFree:        174102412 kB
96.84
 
1606910011
MemFree:        171992328 kB
95.27
 
1606910016
MemFree:        170902072 kB
93.73
 
1606910021
MemFree:        170739684 kB
97.44
 
1606910026
MemFree:        170631928 kB
98.57
 
1606910031
MemFree:        170637472 kB
99.00
 
1606910036
MemFree:        170636180 kB
98.84
 
1606910041
MemFree:        170636432 kB
98.83
 
1606910046
MemFree:        170635596 kB
98.98
 
1606910051
MemFree:        170634076 kB
98.57
 
1606910056
MemFree:        170633632 kB
98.18
 
1606910061
MemFree:        170631096 kB
98.82
 
1606910066
MemFree:        170630884 kB
98.73
 
1606910071
MemFree:        170630688 kB
98.00
 
1606910076
MemFree:        170630308 kB
98.79
 
1606910081
MemFree:        170630292 kB
98.81
 
1606910086
MemFree:        170629640 kB
98.93
 
1606910091
MemFree:        170629380 kB
99.03
 
1606910096
MemFree:        170629624 kB
98.91
 
1606910101
MemFree:        170628648 kB
98.90
 
1606910106
MemFree:        170628460 kB
98.98
 
1606910111
MemFree:        170628088 kB
98.82
 
1606910116
MemFree:        170627536 kB
98.13
 
1606910121
MemFree:        170626228 kB
99.02
 
1606910126
MemFree:        170625300 kB
99.00
 
1606910131
MemFree:        170625372 kB
98.17
 
1606910136
MemFree:        170623116 kB
99.01
 
1606910141
MemFree:        170622208 kB
98.83
 
1606910146
MemFree:        170622476 kB
98.89
 
1606910151
MemFree:        170622176 kB
98.88
 
1606910156
MemFree:        170620444 kB
98.81
 
1606910161
MemFree:        170621004 kB
98.79
 
1606910166
MemFree:        170620656 kB
98.99
 
1606910171
MemFree:        170619404 kB
98.79
 
1606910176
MemFree:        170619592 kB
97.97
 
1606910181
MemFree:        170617284 kB
98.80
 
1606910186
MemFree:        170617420 kB
98.91
 
1606910191
MemFree:        170616128 kB
98.11
 
1606910196
MemFree:        170615036 kB
98.87
 
1606910201
MemFree:        170614808 kB
98.82
 
1606910206
MemFree:        170614100 kB
98.91
 
1606910211
MemFree:        170613696 kB
98.90
 
1606910216
MemFree:        170613720 kB
98.92
 
1606910221
MemFree:        170614012 kB
98.77
 
1606910226
MemFree:        170613280 kB
98.98
 
1606910231
MemFree:        170612832 kB
98.82
 
1606910236
MemFree:        170611848 kB
98.08
 
1606910242
MemFree:        170611004 kB
98.74
 
1606910247
MemFree:        170611276 kB
99.03
 
1606910252
MemFree:        170610812 kB
98.19
 
1606910257
MemFree:        170611072 kB
98.62
 
1606910262
MemFree:        170611016 kB
98.82
 
1606910267
MemFree:        170610900 kB
99.04
 
1606910272
MemFree:        170610324 kB
98.93
 
1606910277
MemFree:        170609632 kB
98.92
 
1606910282
MemFree:        170609308 kB
98.93
 
1606910287
MemFree:        170609284 kB
98.89
 
1606910292
MemFree:        170609032 kB
98.88
 
