MemTotal:       196654040 kB

------

1606910336
MemFree:        188831652 kB
99.88
 
1606910341
MemFree:        188831612 kB
99.83
 
1606910347
MemFree:        188831872 kB
99.86
 
1606910352
MemFree:        188831392 kB
99.89
 
1606910357
MemFree:        188831612 kB
99.59
 
1606910362
MemFree:        188832972 kB
99.51
 
1606910367
MemFree:        188830460 kB
99.87
 
1606910372
MemFree:        188831216 kB
99.85
 
1606910377
MemFree:        188831476 kB
99.83
 
1606910382
MemFree:        188830892 kB
99.88
 
1606910387
MemFree:        188830616 kB
99.55
 
1606910392
MemFree:        188827100 kB
99.92
 
1606910397
MemFree:        188827792 kB
99.85
 
1606910402
MemFree:        188827992 kB
99.68
 
1606910407
MemFree:        188828032 kB
99.88
 
1606910412
MemFree:        188827772 kB
99.88
 
1606910417
MemFree:        188827748 kB
99.84
 
1606910422
MemFree:        188827408 kB
99.52
 
1606910427
MemFree:        188827232 kB
99.85
 
1606910432
MemFree:        188827264 kB
99.90
 
1606910437
MemFree:        188826492 kB
99.87
 
1606910442
MemFree:        188826988 kB
99.85
 
1606910447
MemFree:        188826080 kB
99.45
 
1606910452
MemFree:        188827080 kB
99.88
 
1606910457
MemFree:        188827852 kB
99.86
 
1606910462
MemFree:        188828072 kB
99.92
 
1606910467
MemFree:        188828704 kB
99.85
 
1606910472
MemFree:        188828728 kB
99.89
 
1606910477
MemFree:        188828388 kB
99.87
 
1606910482
MemFree:        188828576 kB
99.53
 
1606910487
MemFree:        188826792 kB
99.89
 
1606910492
MemFree:        188827028 kB
99.83
 
1606910497
MemFree:        188827716 kB
99.86
 
1606910502
MemFree:        188828040 kB
99.80
 
1606910507
MemFree:        188821804 kB
99.66
 
1606910512
MemFree:        188825672 kB
99.90
 
1606910517
MemFree:        188825508 kB
99.85
 
1606910522
MemFree:        188826036 kB
99.87
 
1606910527
MemFree:        188827268 kB
99.86
 
1606910532
MemFree:        188827608 kB
99.91
 
1606910539
MemFree:        188824860 kB
97.16
 
1606910544
MemFree:        187847612 kB
97.41
 
1606910549
MemFree:        187847220 kB
97.80
 
1606910554
MemFree:        184996232 kB
96.81
 
1606910559
MemFree:        184646636 kB
93.89
 
1606910564
MemFree:        184392960 kB
98.88
 
1606910569
MemFree:        184368468 kB
99.88
 
1606910574
MemFree:        184369044 kB
99.84
 
1606910579
MemFree:        184368264 kB
99.89
 
1606910584
MemFree:        184369020 kB
99.85
 
1606910589
MemFree:        184368452 kB
99.72
 
1606910594
MemFree:        184367532 kB
99.79
 
1606910599
MemFree:        184366880 kB
99.89
 
1606910604
MemFree:        184366116 kB
99.42
 
1606910609
MemFree:        184366588 kB
99.59
 
1606910614
MemFree:        184366084 kB
99.87
 
1606910619
MemFree:        184364572 kB
99.87
 
1606910624
MemFree:        184364076 kB
99.52
 
1606910629
MemFree:        184362688 kB
99.87
 
1606910634
MemFree:        184361820 kB
99.88
 
1606910639
MemFree:        184360804 kB
99.89
 
1606910644
MemFree:        184360464 kB
99.87
 
1606910649
MemFree:        184360480 kB
99.78
 
1606910655
MemFree:        184363032 kB
99.78
 
1606910660
MemFree:        184361956 kB
99.85
 
1606910665
MemFree:        184361696 kB
99.53
 
1606910670
MemFree:        184360504 kB
99.85
 
1606910675
MemFree:        184360424 kB
99.89
 
1606910680
MemFree:        184359856 kB
99.85
 
1606910685
MemFree:        184359352 kB
99.52
 
1606910690
MemFree:        184357864 kB
99.87
 
1606910695
MemFree:        184357660 kB
99.71
 
1606910700
MemFree:        184359888 kB
99.83
 
1606910705
MemFree:        184358904 kB
99.87
 
1606910710
MemFree:        184358116 kB
99.89
 
1606910715
MemFree:        184358100 kB
99.89
 
1606910720
MemFree:        184357752 kB
99.90
 
1606910725
MemFree:        184357468 kB
99.57
 
1606910730
MemFree:        184356540 kB
99.84
 
1606910735
MemFree:        184356288 kB
99.87
 
1606910740
MemFree:        184356792 kB
99.76
 
1606910745
MemFree:        184358060 kB
99.35
 
1606910750
MemFree:        184354140 kB
99.82
 
1606910755
MemFree:        184354376 kB
99.87
 
1606910760
MemFree:        184352856 kB
99.85
 
1606910765
MemFree:        184352596 kB
99.85
 
1606910770
MemFree:        184352620 kB
99.87
 
1606910775
MemFree:        184352328 kB
99.85
 
1606910780
MemFree:        184351768 kB
99.88
 
1606910785
MemFree:        184351476 kB
99.60
 
1606910790
MemFree:        184352228 kB
99.68
 
1606910795
MemFree:        184352608 kB
99.86
 
1606910800
MemFree:        184352592 kB
99.87
 
1606910805
MemFree:        184351348 kB
99.52
 
1606910810
MemFree:        184350016 kB
99.87
 
1606910815
MemFree:        184349016 kB
99.86
 
1606910820
MemFree:        184349008 kB
99.88
 
1606910825
MemFree:        184349128 kB
99.87
 
1606910830
MemFree:        184348648 kB
99.86
 
1606910835
MemFree:        184348868 kB
99.70
 
