MemTotal:        3836552 kB

------

1606814941
MemFree:         1769472 kB
98.77
 
1606814946
MemFree:         1768968 kB
98.70
 
1606814951
MemFree:         1768936 kB
98.92
 
1606814956
MemFree:         1768644 kB
98.70
 
1606814961
MemFree:         1768456 kB
98.75
 
1606814967
MemFree:         1768652 kB
98.17
 
1606814972
MemFree:         1768392 kB
98.90
 
1606814977
MemFree:         1768424 kB
99.02
 
1606814982
MemFree:         1768368 kB
98.97
 
1606814987
MemFree:         1768140 kB
98.42
 
1606814992
MemFree:         1768188 kB
96.09
 
1606814997
MemFree:         1767936 kB
98.77
 
1606815002
MemFree:         1767880 kB
98.60
 
1606815007
MemFree:         1768000 kB
98.85
 
1606815012
MemFree:         1768336 kB
98.87
 
1606815017
MemFree:         1768904 kB
98.67
 
1606815022
MemFree:         1768896 kB
98.63
 
1606815027
MemFree:         1768732 kB
99.00
 
1606815032
MemFree:         1768512 kB
98.70
 
1606815037
MemFree:         1768260 kB
98.82
 
1606815042
MemFree:         1767504 kB
98.77
 
1606815047
MemFree:         1767700 kB
98.75
 
1606815052
MemFree:         1767328 kB
95.65
 
1606815057
MemFree:         1767880 kB
98.72
 
1606815062
MemFree:         1767692 kB
98.75
 
1606815067
MemFree:         1766804 kB
98.73
 
1606815072
MemFree:         1766180 kB
98.80
 
1606815077
MemFree:         1766124 kB
98.87
 
1606815082
MemFree:         1765896 kB
98.87
 
1606815087
MemFree:         1765864 kB
98.97
 
1606815092
MemFree:         1766116 kB
98.55
 
1606815097
MemFree:         1765896 kB
98.87
 
1606815102
MemFree:         1765580 kB
98.70
 
1606815107
MemFree:         1765768 kB
98.67
 
1606815112
MemFree:         1765920 kB
97.95
 
1606815117
MemFree:         1765724 kB
96.29
 
1606815122
MemFree:         1765804 kB
98.45
 
1606815127
MemFree:         1764952 kB
98.70
 
1606815132
MemFree:         1764392 kB
98.72
 
1606815138
MemFree:         1764416 kB
98.67
 
1606815150
MemFree:         1765012 kB
91.50
 
1606815155
MemFree:         1721788 kB
85.83
 
1606815160
MemFree:         1719148 kB
82.65
 
1606815165
MemFree:         1463296 kB
84.82
 
1606815170
MemFree:         1442144 kB
93.03
 
1606815175
MemFree:         1452532 kB
82.75
 
1606815180
MemFree:         1509412 kB
86.20
 
1606815185
MemFree:         1560512 kB
85.69
 
1606815190
MemFree:         1638296 kB
83.45
 
1606815198
MemFree:         1666164 kB
72.40
 
1606815204
MemFree:         1666204 kB
76.39
 
1606815209
MemFree:         1627528 kB
82.78
 
1606815214
MemFree:         1597904 kB
86.74
 
1606815219
MemFree:         1599668 kB
85.28
 
1606815224
MemFree:         1481912 kB
81.61
 
1606815229
MemFree:         1449240 kB
73.08
 
1606815234
MemFree:         1397216 kB
84.04
 
1606815239
MemFree:         1380068 kB
79.55
 
1606815244
MemFree:         1380176 kB
74.24
 
1606815249
MemFree:         1319980 kB
84.16
 
1606815254
MemFree:         1299424 kB
84.56
 
1606815259
MemFree:         1284564 kB
93.45
 
1606815264
MemFree:         1286856 kB
97.95
 
1606815269
MemFree:         1288532 kB
98.30
 
1606815274
MemFree:         1302024 kB
94.30
 
1606815279
MemFree:         1305600 kB
98.55
 
1606815284
MemFree:         1306080 kB
95.47
 
1606815289
MemFree:         1291068 kB
98.00
 
1606815294
MemFree:         1291208 kB
95.50
 
1606815299
MemFree:         1301184 kB
95.33
 
1606815304
MemFree:         1305056 kB
93.24
 
1606815309
MemFree:         1304324 kB
98.28
 
1606815314
MemFree:         1304716 kB
98.82
 
1606815319
MemFree:         1305416 kB
98.56
 
1606815324
MemFree:         1310032 kB
98.08
 
1606815329
MemFree:         1310364 kB
93.83
 
1606815334
MemFree:         1310568 kB
96.50
 
1606815339
MemFree:         1310308 kB
97.33
 
1606815344
MemFree:         1310144 kB
98.36
 
1606815349
MemFree:         1309992 kB
98.57
 
1606815355
MemFree:         1310576 kB
96.45
 
1606815360
MemFree:         1310316 kB
93.82
 
1606815365
MemFree:         1310480 kB
96.64
 
1606815370
MemFree:         1310064 kB
97.48
 
1606815375
MemFree:         1309844 kB
97.43
 
1606815380
MemFree:         1310064 kB
98.56
 
1606815385
MemFree:         1310008 kB
98.75
 
1606815390
MemFree:         1310032 kB
94.87
 
1606815395
MemFree:         1309788 kB
97.71
 
1606815400
MemFree:         1309504 kB
97.13
 
1606815405
MemFree:         1310244 kB
97.33
 
1606815410
MemFree:         1311108 kB
97.53
 
1606815415
MemFree:         1311212 kB
96.57
 
1606815420
MemFree:         1310652 kB
93.65
 
1606815425
MemFree:         1310892 kB
98.17
 
1606815430
MemFree:         1310324 kB
97.63
 
1606815436
MemFree:         1309852 kB
97.43
 
1606815441
MemFree:         1309600 kB
97.09
 
1606815446
MemFree:         1310244 kB
94.17
 
1606815451
MemFree:         1310016 kB
98.35
 
