MemTotal:        3836552 kB

------

1606812861
MemFree:         3573048 kB
99.78
 
1606812866
MemFree:         3572464 kB
99.97
 
1606812871
MemFree:         3572576 kB
99.92
 
1606812876
MemFree:         3572212 kB
99.90
 
1606812881
MemFree:         3572324 kB
99.92
 
1606812886
MemFree:         3572016 kB
99.92
 
1606812891
MemFree:         3572244 kB
99.90
 
1606812896
MemFree:         3572716 kB
99.85
 
1606812901
MemFree:         3572576 kB
99.80
 
1606812907
MemFree:         3572324 kB
99.90
 
1606812912
MemFree:         3572552 kB
99.90
 
1606812917
MemFree:         3573096 kB
99.88
 
1606812922
MemFree:         3573104 kB
99.93
 
1606812927
MemFree:         3573224 kB
99.92
 
1606812932
MemFree:         3573208 kB
99.95
 
1606812937
MemFree:         3573208 kB
99.90
 
1606812942
MemFree:         3572956 kB
99.95
 
1606812947
MemFree:         3572932 kB
99.92
 
1606812952
MemFree:         3573128 kB
99.95
 
1606812957
MemFree:         3573452 kB
99.85
 
1606812962
MemFree:         3573680 kB
99.95
 
1606812967
MemFree:         3573956 kB
99.92
 
1606812972
MemFree:         3573388 kB
99.92
 
1606812977
MemFree:         3573640 kB
99.90
 
1606812982
MemFree:         3573640 kB
99.92
 
1606812987
MemFree:         3573444 kB
99.95
 
1606812992
MemFree:         3573192 kB
99.93
 
1606812997
MemFree:         3573160 kB
99.92
 
1606813002
MemFree:         3573640 kB
99.92
 
1606813007
MemFree:         3573324 kB
99.90
 
1606813012
MemFree:         3573380 kB
99.90
 
1606813017
MemFree:         3573128 kB
99.90
 
1606813022
MemFree:         3573664 kB
99.92
 
1606813027
MemFree:         3573940 kB
99.88
 
1606813032
MemFree:         3573688 kB
99.95
 
1606813037
MemFree:         3573688 kB
99.92
 
1606813042
MemFree:         3573688 kB
99.95
 
1606813047
MemFree:         3573884 kB
99.88
 
1606813052
MemFree:         3573884 kB
99.95
 
1606813057
MemFree:         3573884 kB
99.90
 
1606813062
MemFree:         3574136 kB
99.95
 
1606813067
MemFree:         3573884 kB
99.92
 
1606813072
MemFree:         3573444 kB
99.92
 
1606813077
MemFree:         3573640 kB
99.93
 
1606813082
MemFree:         3573696 kB
99.97
 
1606813087
MemFree:         3573696 kB
99.92
 
1606813093
MemFree:         3573892 kB
99.92
 
1606813098
MemFree:         3573948 kB
99.92
 
1606813103
MemFree:         3574200 kB
99.97
 
1606813108
MemFree:         3574088 kB
99.95
 
1606813113
MemFree:         3573860 kB
99.92
 
1606813118
MemFree:         3573696 kB
99.95
 
1606813123
MemFree:         3573444 kB
99.93
 
1606813128
MemFree:         3573640 kB
99.90
 
1606813133
MemFree:         3573640 kB
99.93
 
1606813138
MemFree:         3573136 kB
99.95
 
1606813143
MemFree:         3573444 kB
99.90
 
1606813148
MemFree:         3573412 kB
99.90
 
1606813153
MemFree:         3573444 kB
99.92
 
1606813158
MemFree:         3573388 kB
99.95
 
1606813163
MemFree:         3573608 kB
99.85
 
1606813168
MemFree:         3573388 kB
99.90
 
1606813173
MemFree:         3573696 kB
99.92
 
1606813178
MemFree:         3573388 kB
99.92
 
1606813183
MemFree:         3573444 kB
99.97
 
1606813188
MemFree:         3573640 kB
99.92
 
1606813193
MemFree:         3573664 kB
99.97
 
1606813198
MemFree:         3573608 kB
99.92
 
1606813203
MemFree:         3574056 kB
99.92
 
1606813208
MemFree:         3573948 kB
99.92
 
1606813213
MemFree:         3573608 kB
99.95
 
1606813218
MemFree:         3573640 kB
99.92
 
1606813223
MemFree:         3573192 kB
99.97
 
1606813228
MemFree:         3573276 kB
99.90
 
1606813233
MemFree:         3573388 kB
99.97
 
1606813238
MemFree:         3572828 kB
99.90
 
1606813243
MemFree:         3572828 kB
99.92
 
1606813248
MemFree:         3572884 kB
99.90
 
1606813253
MemFree:         3573136 kB
99.92
 
1606813258
MemFree:         3573332 kB
99.88
 
1606813263
MemFree:         3572884 kB
99.97
 
1606813268
MemFree:         3572828 kB
99.95
 
1606813274
MemFree:         3573136 kB
99.92
 
1606813279
MemFree:         3572884 kB
99.90
 
1606813284
MemFree:         3572688 kB
99.95
 
1606813289
MemFree:         3572968 kB
99.85
 
1606813294
MemFree:         3573136 kB
99.97
 
1606813299
MemFree:         3573332 kB
99.88
 
1606813304
MemFree:         3573388 kB
99.90
 
1606813309
MemFree:         3573640 kB
99.95
 
1606813314
MemFree:         3573836 kB
99.97
 
1606813319
MemFree:         3573396 kB
99.92
 
1606813324
MemFree:         3573428 kB
99.92
 
1606813329
MemFree:         3573680 kB
99.92
 
1606813334
MemFree:         3573876 kB
99.92
 
1606813339
MemFree:         3573680 kB
99.90
 
1606813344
MemFree:         3574184 kB
99.92
 
1606813349
MemFree:         3574404 kB
99.95
 
1606813354
MemFree:         3574348 kB
99.92
 
1606813359
MemFree:         3574340 kB
99.97
 
