MemTotal:       196654040 kB

------

1606887484
MemFree:        194171812 kB
99.99
 
1606887489
MemFree:        194171220 kB
99.98
 
1606887494
MemFree:        194172172 kB
99.98
 
1606887499
MemFree:        194172188 kB
99.99
 
1606887504
MemFree:        194171100 kB
99.98
 
1606887509
MemFree:        194171076 kB
100.00
 
1606887514
MemFree:        194171248 kB
99.99
 
1606887519
MemFree:        194170652 kB
100.00
 
1606887524
MemFree:        194171048 kB
99.99
 
1606887529
MemFree:        194171056 kB
99.99
 
1606887534
MemFree:        194171568 kB
99.99
 
1606887539
MemFree:        194171488 kB
99.99
 
1606887544
MemFree:        194171204 kB
99.99
 
1606887549
MemFree:        194171812 kB
99.77
 
1606887554
MemFree:        194140660 kB
99.80
 
1606887559
MemFree:        194172820 kB
99.99
 
1606887564
MemFree:        194172472 kB
99.98
 
1606887569
MemFree:        194172716 kB
99.99
 
1606887574
MemFree:        194172820 kB
99.89
 
1606887579
MemFree:        194171620 kB
99.98
 
1606887584
MemFree:        194170220 kB
99.97
 
1606887589
MemFree:        194170504 kB
99.99
 
1606887594
MemFree:        194170716 kB
99.98
 
1606887599
MemFree:        194171276 kB
99.97
 
1606887604
MemFree:        194171560 kB
99.98
 
1606887609
MemFree:        194174520 kB
99.98
 
1606887614
MemFree:        194174144 kB
100.00
 
1606887619
MemFree:        194174580 kB
99.76
 
1606887624
MemFree:        194177368 kB
99.99
 
1606887629
MemFree:        194176736 kB
99.97
 
1606887634
MemFree:        194175648 kB
99.99
 
1606887639
MemFree:        194176388 kB
99.99
 
1606887644
MemFree:        194176208 kB
99.99
 
1606887649
MemFree:        194175452 kB
99.99
 
1606887654
MemFree:        194175396 kB
99.99
 
1606887659
MemFree:        194175372 kB
99.99
 
1606887664
MemFree:        194175332 kB
99.80
 
1606887669
MemFree:        194173272 kB
99.99
 
1606887674
MemFree:        194172736 kB
99.99
 
1606887679
MemFree:        194172940 kB
99.98
 
1606887684
MemFree:        194172608 kB
99.98
 
1606887689
MemFree:        194172184 kB
99.99
 
1606887694
MemFree:        194172192 kB
99.99
 
1606887699
MemFree:        194171616 kB
99.99
 
1606887704
MemFree:        194171708 kB
99.99
 
1606887709
MemFree:        194171620 kB
99.76
 
1606887715
MemFree:        194173308 kB
99.97
 
1606887720
MemFree:        194173812 kB
99.97
 
1606887725
MemFree:        194173504 kB
99.97
 
1606887730
MemFree:        194172792 kB
99.99
 
1606887735
MemFree:        194172548 kB
99.97
 
1606887740
MemFree:        194174052 kB
100.00
 
1606887745
MemFree:        194174288 kB
99.99
 
1606887750
MemFree:        194173328 kB
100.00
 
1606887755
MemFree:        194173848 kB
99.90
 
1606887760
MemFree:        194177604 kB
99.99
 
1606887765
MemFree:        194178084 kB
99.98
 
1606887770
MemFree:        194177824 kB
99.98
 
1606887775
MemFree:        194177752 kB
99.97
 
1606887780
MemFree:        194177916 kB
99.99
 
1606887785
MemFree:        194177884 kB
99.98
 
1606887790
MemFree:        194177592 kB
99.98
 
1606887795
MemFree:        194181524 kB
99.99
 
1606887800
MemFree:        194181232 kB
100.00
 
1606887805
MemFree:        194181720 kB
99.99
 
1606887810
MemFree:        194181344 kB
100.00
 
1606887815
MemFree:        194181312 kB
99.99
 
1606887820
MemFree:        194181808 kB
99.99
 
1606887825
MemFree:        194180452 kB
99.99
 
1606887830
MemFree:        194181812 kB
99.99
 
1606887835
MemFree:        194181284 kB
99.98
 
1606887840
MemFree:        194181756 kB
99.99
 
1606887845
MemFree:        194181748 kB
99.98
 
1606887850
MemFree:        194181568 kB
99.99
 
1606887855
MemFree:        194182072 kB
99.99
 
1606887860
MemFree:        194182168 kB
99.99
 
1606887865
MemFree:        194182412 kB
99.98
 
1606887870
MemFree:        194182120 kB
100.00
 
1606887875
MemFree:        194181560 kB
99.99
 
1606887880
MemFree:        194181536 kB
100.00
 
1606887885
MemFree:        194181252 kB
99.98
 
1606887890
MemFree:        194180904 kB
99.98
 
1606887895
MemFree:        194181260 kB
99.98
 
1606887900
MemFree:        194181276 kB
99.98
 
1606887905
MemFree:        194181024 kB
99.98
 
1606887910
MemFree:        194181136 kB
99.99
 
1606887915
MemFree:        194181540 kB
100.00
 
1606887920
MemFree:        194181464 kB
99.99
 
1606887925
MemFree:        194180976 kB
99.99
 
1606887930
MemFree:        194181356 kB
99.99
 
1606887935
MemFree:        194181128 kB
99.98
 
1606887940
MemFree:        194181640 kB
99.99
 
1606887945
MemFree:        194181616 kB
99.99
 
1606887950
MemFree:        194182332 kB
100.00
 
1606887955
MemFree:        194182268 kB
99.98
 
1606887960
MemFree:        194182212 kB
99.99
 
1606887965
MemFree:        194182416 kB
99.97
 
1606887970
MemFree:        194182132 kB
99.99
 
1606887975
MemFree:        194181824 kB
100.00
 
1606887980
MemFree:        194181712 kB
100.00
 
